Component: ARM Compiler 5.06 (build 20) Tool: armlink [4d35a3]

==============================================================================

Section Cross References

    stm32f4xx_hal_cortex.o(i.HAL_NVIC_SetPriority) refers to stm32f4xx_hal_cortex.o(i.NVIC_SetPriority) for NVIC_SetPriority
    stm32f4xx_hal_cortex.o(i.HAL_SYSTICK_Config) refers to stm32f4xx_hal_cortex.o(i.NVIC_SetPriority) for NVIC_SetPriority
    stm32f4xx_hal_cortex.o(i.HAL_SYSTICK_IRQHandler) refers to stm32f4xx_hal_cortex.o(i.HAL_SYSTICK_Callback) for HAL_SYSTICK_Callback
    stm32f4xx_hal_flash_ex.o(i.HAL_FLASHEx_Erase) refers to stm32f4xx_hal_flash.o(i.FLASH_WaitForLastOperation) for FLASH_WaitForLastOperation
    stm32f4xx_hal_flash_ex.o(i.HAL_FLASHEx_Erase) refers to stm32f4xx_hal_flash_ex.o(i.FLASH_MassErase) for FLASH_MassErase
    stm32f4xx_hal_flash_ex.o(i.HAL_FLASHEx_Erase) refers to stm32f4xx_hal_flash_ex.o(i.FLASH_Erase_Sector) for FLASH_Erase_Sector
    stm32f4xx_hal_flash_ex.o(i.HAL_FLASHEx_Erase) refers to stm32f4xx_hal_flash_ex.o(i.FLASH_FlushCaches) for FLASH_FlushCaches
    stm32f4xx_hal_flash_ex.o(i.HAL_FLASHEx_Erase) refers to stm32f4xx_hal_flash.o(.bss) for pFlash
    stm32f4xx_hal_flash_ex.o(i.HAL_FLASHEx_Erase_IT) refers to stm32f4xx_hal_flash_ex.o(i.FLASH_Erase_Sector) for FLASH_Erase_Sector
    stm32f4xx_hal_flash_ex.o(i.HAL_FLASHEx_Erase_IT) refers to stm32f4xx_hal_flash_ex.o(i.FLASH_MassErase) for FLASH_MassErase
    stm32f4xx_hal_flash_ex.o(i.HAL_FLASHEx_Erase_IT) refers to stm32f4xx_hal_flash.o(.bss) for pFlash
    stm32f4xx_hal_flash_ex.o(i.HAL_FLASHEx_OBProgram) refers to stm32f4xx_hal_flash.o(i.FLASH_WaitForLastOperation) for FLASH_WaitForLastOperation
    stm32f4xx_hal_flash_ex.o(i.HAL_FLASHEx_OBProgram) refers to stm32f4xx_hal_flash.o(.bss) for pFlash
    stm32f4xx_hal_gpio.o(i.HAL_GPIO_EXTI_IRQHandler) refers to stm32f4xx_hal_gpio.o(i.HAL_GPIO_EXTI_Callback) for HAL_GPIO_EXTI_Callback
    stm32f4xx_hal_pwr_ex.o(i.HAL_PWREx_ControlVoltageScaling) refers to stm32f4xx_hal.o(i.HAL_GetTick) for HAL_GetTick
    stm32f4xx_hal_pwr_ex.o(i.HAL_PWREx_DisableBkUpReg) refers to stm32f4xx_hal.o(i.HAL_GetTick) for HAL_GetTick
    stm32f4xx_hal_pwr_ex.o(i.HAL_PWREx_EnableBkUpReg) refers to stm32f4xx_hal.o(i.HAL_GetTick) for HAL_GetTick
    stm32f4xx_hal_dma_ex.o(i.HAL_DMAEx_MultiBufferStart) refers to stm32f4xx_hal_dma_ex.o(i.DMA_MultiBufferSetConfig) for DMA_MultiBufferSetConfig
    stm32f4xx_hal_dma_ex.o(i.HAL_DMAEx_MultiBufferStart_IT) refers to stm32f4xx_hal_dma_ex.o(i.DMA_MultiBufferSetConfig) for DMA_MultiBufferSetConfig
    stm32f4xx_hal_rcc.o(i.HAL_RCC_ClockConfig) refers to stm32f4xx_hal.o(i.HAL_GetTick) for HAL_GetTick
    stm32f4xx_hal_rcc.o(i.HAL_RCC_ClockConfig) refers to stm32f4xx_hal_rcc.o(i.HAL_RCC_GetSysClockFreq) for HAL_RCC_GetSysClockFreq
    stm32f4xx_hal_rcc.o(i.HAL_RCC_ClockConfig) refers to stm32f4xx_hal.o(i.HAL_InitTick) for HAL_InitTick
    stm32f4xx_hal_rcc.o(i.HAL_RCC_ClockConfig) refers to system_stm32f4xx.o(.constdata) for AHBPrescTable
    stm32f4xx_hal_rcc.o(i.HAL_RCC_ClockConfig) refers to system_stm32f4xx.o(.data) for SystemCoreClock
    stm32f4xx_hal_rcc.o(i.HAL_RCC_GetHCLKFreq) refers to system_stm32f4xx.o(.data) for SystemCoreClock
    stm32f4xx_hal_rcc.o(i.HAL_RCC_GetPCLK1Freq) refers to system_stm32f4xx.o(.data) for SystemCoreClock
    stm32f4xx_hal_rcc.o(i.HAL_RCC_GetPCLK1Freq) refers to system_stm32f4xx.o(.constdata) for APBPrescTable
    stm32f4xx_hal_rcc.o(i.HAL_RCC_GetPCLK2Freq) refers to system_stm32f4xx.o(.data) for SystemCoreClock
    stm32f4xx_hal_rcc.o(i.HAL_RCC_GetPCLK2Freq) refers to system_stm32f4xx.o(.constdata) for APBPrescTable
    stm32f4xx_hal_rcc.o(i.HAL_RCC_MCOConfig) refers to stm32f4xx_hal_gpio.o(i.HAL_GPIO_Init) for HAL_GPIO_Init
    stm32f4xx_hal_rcc.o(i.HAL_RCC_NMI_IRQHandler) refers to stm32f4xx_hal_rcc.o(i.HAL_RCC_CSSCallback) for HAL_RCC_CSSCallback
    stm32f4xx_hal_rcc.o(i.HAL_RCC_OscConfig) refers to stm32f4xx_hal.o(i.HAL_GetTick) for HAL_GetTick
    stm32f4xx_hal_tim_ex.o(i.HAL_TIMEx_ConfigCommutationEvent_DMA) refers to stm32f4xx_hal_tim_ex.o(i.TIMEx_DMACommutationCplt) for TIMEx_DMACommutationCplt
    stm32f4xx_hal_tim_ex.o(i.HAL_TIMEx_ConfigCommutationEvent_DMA) refers to stm32f4xx_hal_tim.o(i.TIM_DMAError) for TIM_DMAError
    stm32f4xx_hal_tim_ex.o(i.HAL_TIMEx_HallSensor_DeInit) refers to stm32f4xx_hal_tim_ex.o(i.HAL_TIMEx_HallSensor_MspDeInit) for HAL_TIMEx_HallSensor_MspDeInit
    stm32f4xx_hal_tim_ex.o(i.HAL_TIMEx_HallSensor_Init) refers to stm32f4xx_hal_tim_ex.o(i.HAL_TIMEx_HallSensor_MspInit) for HAL_TIMEx_HallSensor_MspInit
    stm32f4xx_hal_tim_ex.o(i.HAL_TIMEx_HallSensor_Init) refers to stm32f4xx_hal_tim.o(i.TIM_Base_SetConfig) for TIM_Base_SetConfig
    stm32f4xx_hal_tim_ex.o(i.HAL_TIMEx_HallSensor_Init) refers to stm32f4xx_hal_tim.o(i.TIM_TI1_SetConfig) for TIM_TI1_SetConfig
    stm32f4xx_hal_tim_ex.o(i.HAL_TIMEx_HallSensor_Init) refers to stm32f4xx_hal_tim.o(i.TIM_OC2_SetConfig) for TIM_OC2_SetConfig
[...]
    tasks.o(i.vTaskNotifyGiveFromISR) refers to trckernel.o(i.vTraceStoreTaskReady) for vTraceStoreTaskReady
    tasks.o(i.vTaskNotifyGiveFromISR) refers to tasks.o(.data) for .data
    tasks.o(i.vTaskNotifyGiveFromISR) refers to tasks.o(.bss) for .bss
    tasks.o(i.vTaskPlaceOnEventList) refers to list.o(i.vListInsert) for vListInsert
    tasks.o(i.vTaskPlaceOnEventList) refers to tasks.o(i.prvAddCurrentTaskToDelayedList) for prvAddCurrentTaskToDelayedList
    tasks.o(i.vTaskPlaceOnEventList) refers to tasks.o(.data) for .data
    tasks.o(i.vTaskPlaceOnUnorderedEventList) refers to list.o(i.vListInsertEnd) for vListInsertEnd
    tasks.o(i.vTaskPlaceOnUnorderedEventList) refers to tasks.o(i.prvAddCurrentTaskToDelayedList) for prvAddCurrentTaskToDelayedList
    tasks.o(i.vTaskPlaceOnUnorderedEventList) refers to tasks.o(.data) for .data
    tasks.o(i.vTaskPriorityInherit) refers to list.o(i.uxListRemove) for uxListRemove
    tasks.o(i.vTaskPriorityInherit) refers to trckernelport.o(i.prvTraceGetTaskNumber) for prvTraceGetTaskNumber
    tasks.o(i.vTaskPriorityInherit) refers to trckernel.o(i.vTraceStoreTaskReady) for vTraceStoreTaskReady
    tasks.o(i.vTaskPriorityInherit) refers to list.o(i.vListInsertEnd) for vListInsertEnd
    tasks.o(i.vTaskPriorityInherit) refers to trckernel.o(i.uiTraceGetPriorityProperty) for uiTraceGetPriorityProperty
    tasks.o(i.vTaskPriorityInherit) refers to trckernel.o(i.vTraceStoreKernelCallWithParam) for vTraceStoreKernelCallWithParam
    tasks.o(i.vTaskPriorityInherit) refers to trckernel.o(i.vTraceSetPriorityProperty) for vTraceSetPriorityProperty
    tasks.o(i.vTaskPriorityInherit) refers to tasks.o(.data) for .data
    tasks.o(i.vTaskPriorityInherit) refers to tasks.o(.bss) for .bss
    tasks.o(i.vTaskPrioritySet) refers to port.o(i.vPortEnterCritical) for vPortEnterCritical
    tasks.o(i.vTaskPrioritySet) refers to trckernelport.o(i.prvTraceGetTaskNumber) for prvTraceGetTaskNumber
    tasks.o(i.vTaskPrioritySet) refers to trckernel.o(i.uiTraceGetPriorityProperty) for uiTraceGetPriorityProperty
    tasks.o(i.vTaskPrioritySet) refers to trckernel.o(i.vTraceStoreKernelCallWithParam) for vTraceStoreKernelCallWithParam
    tasks.o(i.vTaskPrioritySet) refers to trckernel.o(i.vTraceSetPriorityProperty) for vTraceSetPriorityProperty
    tasks.o(i.vTaskPrioritySet) refers to list.o(i.uxListRemove) for uxListRemove
    tasks.o(i.vTaskPrioritySet) refers to trckernel.o(i.vTraceStoreTaskReady) for vTraceStoreTaskReady
    tasks.o(i.vTaskPrioritySet) refers to list.o(i.vListInsertEnd) for vListInsertEnd
    tasks.o(i.vTaskPrioritySet) refers to port.o(i.vPortExitCritical) for vPortExitCritical
    tasks.o(i.vTaskPrioritySet) refers to tasks.o(.data) for .data
    tasks.o(i.vTaskPrioritySet) refers to tasks.o(.bss) for .bss
    tasks.o(i.vTaskResume) refers to port.o(i.vPortEnterCritical) for vPortEnterCritical
    tasks.o(i.vTaskResume) refers to tasks.o(i.prvTaskIsTaskSuspended) for prvTaskIsTaskSuspended
    tasks.o(i.vTaskResume) refers to trckernelport.o(i.prvTraceGetTaskNumber) for prvTraceGetTaskNumber
    tasks.o(i.vTaskResume) refers to trckernel.o(i.vTraceStoreKernelCall) for vTraceStoreKernelCall
    tasks.o(i.vTaskResume) refers to list.o(i.uxListRemove) for uxListRemove
    tasks.o(i.vTaskResume) refers to trckernel.o(i.vTraceStoreTaskReady) for vTraceStoreTaskReady
    tasks.o(i.vTaskResume) refers to list.o(i.vListInsertEnd) for vListInsertEnd
    tasks.o(i.vTaskResume) refers to port.o(i.vPortExitCritical) for vPortExitCritical
    tasks.o(i.vTaskResume) refers to tasks.o(.data) for .data
    tasks.o(i.vTaskResume) refers to tasks.o(.bss) for .bss
    tasks.o(i.vTaskSetTimeOutState) refers to tasks.o(.data) for .data
    tasks.o(i.vTaskStartScheduler) refers to tasks.o(i.xTaskCreate) for xTaskCreate
    tasks.o(i.vTaskStartScheduler) refers to port.o(i.xPortStartScheduler) for xPortStartScheduler
    tasks.o(i.vTaskStartScheduler) refers to tasks.o(.data) for .data
    tasks.o(i.vTaskStartScheduler) refers to tasks.o(i.prvIdleTask) for prvIdleTask
    tasks.o(i.vTaskSuspend) refers to port.o(i.vPortEnterCritical) for vPortEnterCritical
    tasks.o(i.vTaskSuspend) refers to trckernelport.o(i.prvTraceGetTaskNumber) for prvTraceGetTaskNumber
    tasks.o(i.vTaskSuspend) refers to trckernel.o(i.vTraceStoreKernelCall) for vTraceStoreKernelCall
    tasks.o(i.vTaskSuspend) refers to trckernel.o(i.vTraceSetTaskInstanceFinished) for vTraceSetTaskInstanceFinished
    tasks.o(i.vTaskSuspend) refers to list.o(i.uxListRemove) for uxListRemove
    tasks.o(i.vTaskSuspend) refers to list.o(i.vListInsertEnd) for vListInsertEnd
    tasks.o(i.vTaskSuspend) refers to port.o(i.vPortExitCritical) for vPortExitCritical
    tasks.o(i.vTaskSuspend) refers to tasks.o(i.prvResetNextTaskUnblockTime) for prvResetNextTaskUnblockTime
    tasks.o(i.vTaskSuspend) refers to tasks.o(i.vTaskSwitchContext) for vTaskSwitchContext
    tasks.o(i.vTaskSuspend) refers to tasks.o(.data) for .data
    tasks.o(i.vTaskSuspend) refers to tasks.o(.bss) for .bss
    tasks.o(i.vTaskSuspendAll) refers to tasks.o(.data) for .data
    tasks.o(i.vTaskSwitchContext) refers to trckernelport.o(i.prvTraceGetCurrentTaskHandle) for prvTraceGetCurrentTaskHandle
    tasks.o(i.vTaskSwitchContext) refers to trckernelport.o(i.prvTraceGetTaskNumber) for prvTraceGetTaskNumber
    tasks.o(i.vTaskSwitchContext) refers to trckernel.o(i.vTraceStoreTaskswitch) for vTraceStoreTaskswitch
    tasks.o(i.vTaskSwitchContext) refers to tasks.o(.data) for .data
    tasks.o(i.vTaskSwitchContext) refers to tasks.o(.bss) for .bss
    tasks.o(i.xTaskCheckForTimeOut) refers to port.o(i.vPortEnterCritical) for vPortEnterCritical
    tasks.o(i.xTaskCheckForTimeOut) refers to tasks.o(i.vTaskSetTimeOutState) for vTaskSetTimeOutState
    tasks.o(i.xTaskCheckForTimeOut) refers to port.o(i.vPortExitCritical) for vPortExitCritical
    tasks.o(i.xTaskCheckForTimeOut) refers to tasks.o(.data) for .data
    tasks.o(i.xTaskCreate) refers to heap_4.o(i.pvPortMalloc) for pvPortMalloc
    tasks.o(i.xTaskCreate) refers to tasks.o(i.prvInitialiseNewTask) for prvInitialiseNewTask
    tasks.o(i.xTaskCreate) refers to tasks.o(i.prvAddNewTaskToReadyList) for prvAddNewTaskToReadyList
    tasks.o(i.xTaskCreate) refers to heap_4.o(i.vPortFree) for vPortFree
    tasks.o(i.xTaskGenericNotify) refers to port.o(i.vPortEnterCritical) for vPortEnterCritical
    tasks.o(i.xTaskGenericNotify) refers to tasks.o(i.uxTaskGetTaskNumber) for uxTaskGetTaskNumber
    tasks.o(i.xTaskGenericNotify) refers to trckernel.o(i.vTraceStoreKernelCall) for vTraceStoreKernelCall
    tasks.o(i.xTaskGenericNotify) refers to list.o(i.uxListRemove) for uxListRemove
    tasks.o(i.xTaskGenericNotify) refers to trckernelport.o(i.prvTraceGetTaskNumber) for prvTraceGetTaskNumber
    tasks.o(i.xTaskGenericNotify) refers to trckernel.o(i.vTraceStoreTaskReady) for vTraceStoreTaskReady
    tasks.o(i.xTaskGenericNotify) refers to list.o(i.vListInsertEnd) for vListInsertEnd
    tasks.o(i.xTaskGenericNotify) refers to port.o(i.vPortExitCritical) for vPortExitCritical
    tasks.o(i.xTaskGenericNotify) refers to tasks.o(.data) for .data
    tasks.o(i.xTaskGenericNotify) refers to tasks.o(.bss) for .bss
    tasks.o(i.xTaskGenericNotifyFromISR) refers to port.o(i.vPortValidateInterruptPriority) for vPortValidateInterruptPriority
    tasks.o(i.xTaskGenericNotifyFromISR) refers to tasks.o(i.uxTaskGetTaskNumber) for uxTaskGetTaskNumber
    tasks.o(i.xTaskGenericNotifyFromISR) refers to trckernel.o(i.vTraceStoreKernelCall) for vTraceStoreKernelCall
    tasks.o(i.xTaskGenericNotifyFromISR) refers to list.o(i.vListInsertEnd) for vListInsertEnd
    tasks.o(i.xTaskGenericNotifyFromISR) refers to list.o(i.uxListRemove) for uxListRemove
    tasks.o(i.xTaskGenericNotifyFromISR) refers to trckernelport.o(i.prvTraceGetTaskNumber) for prvTraceGetTaskNumber
    tasks.o(i.xTaskGenericNotifyFromISR) refers to trckernel.o(i.vTraceStoreTaskReady) for vTraceStoreTaskReady
    tasks.o(i.xTaskGenericNotifyFromISR) refers to tasks.o(.data) for .data
    tasks.o(i.xTaskGenericNotifyFromISR) refers to tasks.o(.bss) for .bss
    tasks.o(i.xTaskGetCurrentTaskHandle) refers to tasks.o(.data) for .data
    tasks.o(i.xTaskGetSchedulerState) refers to tasks.o(.data) for .data
    tasks.o(i.xTaskGetTickCount) refers to tasks.o(.data) for .data
    tasks.o(i.xTaskGetTickCountFromISR) refers to port.o(i.vPortValidateInterruptPriority) for vPortValidateInterruptPriority
    tasks.o(i.xTaskGetTickCountFromISR) refers to tasks.o(.data) for .data
    tasks.o(i.xTaskIncrementTick) refers to trchardwareport.o(i.vTracePortGetTimeStamp) for vTracePortGetTimeStamp
    tasks.o(i.xTaskIncrementTick) refers to tasks.o(i.prvResetNextTaskUnblockTime) for prvResetNextTaskUnblockTime
    tasks.o(i.xTaskIncrementTick) refers to list.o(i.uxListRemove) for uxListRemove
    tasks.o(i.xTaskIncrementTick) refers to trckernelport.o(i.prvTraceGetTaskNumber) for prvTraceGetTaskNumber
    tasks.o(i.xTaskIncrementTick) refers to trckernel.o(i.vTraceStoreTaskReady) for vTraceStoreTaskReady
    tasks.o(i.xTaskIncrementTick) refers to list.o(i.vListInsertEnd) for vListInsertEnd
    tasks.o(i.xTaskIncrementTick) refers to tasks.o(.data) for .data
    tasks.o(i.xTaskIncrementTick) refers to trchardwareport.o(.data) for uiTraceTickCount
    tasks.o(i.xTaskIncrementTick) refers to tasks.o(.bss) for .bss
    tasks.o(i.xTaskNotifyStateClear) refers to port.o(i.vPortEnterCritical) for vPortEnterCritical
    tasks.o(i.xTaskNotifyStateClear) refers to port.o(i.vPortExitCritical) for vPortExitCritical
    tasks.o(i.xTaskNotifyStateClear) refers to tasks.o(.data) for .data
    tasks.o(i.xTaskNotifyWait) refers to port.o(i.vPortEnterCritical) for vPortEnterCritical
    tasks.o(i.xTaskNotifyWait) refers to tasks.o(i.prvAddCurrentTaskToDelayedList) for prvAddCurrentTaskToDelayedList
    tasks.o(i.xTaskNotifyWait) refers to tasks.o(i.uxTaskGetTaskNumber) for uxTaskGetTaskNumber
    tasks.o(i.xTaskNotifyWait) refers to trckernel.o(i.vTraceStoreKernelCallWithParam) for vTraceStoreKernelCallWithParam
    tasks.o(i.xTaskNotifyWait) refers to trckernelport.o(i.prvTraceGetCurrentTaskHandle) for prvTraceGetCurrentTaskHandle
    tasks.o(i.xTaskNotifyWait) refers to trckernelport.o(i.prvTraceGetTaskNumber) for prvTraceGetTaskNumber
    tasks.o(i.xTaskNotifyWait) refers to trckernel.o(i.vTraceSetTaskInstanceFinished) for vTraceSetTaskInstanceFinished
    tasks.o(i.xTaskNotifyWait) refers to port.o(i.vPortExitCritical) for vPortExitCritical
    tasks.o(i.xTaskNotifyWait) refers to tasks.o(.data) for .data
    tasks.o(i.xTaskPriorityDisinherit) refers to list.o(i.uxListRemove) for uxListRemove
    tasks.o(i.xTaskPriorityDisinherit) refers to trckernelport.o(i.prvTraceGetTaskNumber) for prvTraceGetTaskNumber
    tasks.o(i.xTaskPriorityDisinherit) refers to trckernel.o(i.uiTraceGetPriorityProperty) for uiTraceGetPriorityProperty
    tasks.o(i.xTaskPriorityDisinherit) refers to trckernel.o(i.vTraceStoreKernelCallWithParam) for vTraceStoreKernelCallWithParam
    tasks.o(i.xTaskPriorityDisinherit) refers to trckernel.o(i.vTraceSetPriorityProperty) for vTraceSetPriorityProperty
    tasks.o(i.xTaskPriorityDisinherit) refers to trckernel.o(i.vTraceStoreTaskReady) for vTraceStoreTaskReady
    tasks.o(i.xTaskPriorityDisinherit) refers to list.o(i.vListInsertEnd) for vListInsertEnd
    tasks.o(i.xTaskPriorityDisinherit) refers to tasks.o(.data) for .data
    tasks.o(i.xTaskPriorityDisinherit) refers to tasks.o(.bss) for .bss
    tasks.o(i.xTaskRemoveFromEventList) refers to list.o(i.uxListRemove) for uxListRemove
    tasks.o(i.xTaskRemoveFromEventList) refers to list.o(i.vListInsertEnd) for vListInsertEnd
    tasks.o(i.xTaskRemoveFromEventList) refers to trckernelport.o(i.prvTraceGetTaskNumber) for prvTraceGetTaskNumber
    tasks.o(i.xTaskRemoveFromEventList) refers to trckernel.o(i.vTraceStoreTaskReady) for vTraceStoreTaskReady
    tasks.o(i.xTaskRemoveFromEventList) refers to tasks.o(.data) for .data
    tasks.o(i.xTaskRemoveFromEventList) refers to tasks.o(.bss) for .bss
    tasks.o(i.xTaskRemoveFromUnorderedEventList) refers to list.o(i.uxListRemove) for uxListRemove
    tasks.o(i.xTaskRemoveFromUnorderedEventList) refers to trckernelport.o(i.prvTraceGetTaskNumber) for prvTraceGetTaskNumber
    tasks.o(i.xTaskRemoveFromUnorderedEventList) refers to trckernel.o(i.vTraceStoreTaskReady) for vTraceStoreTaskReady
    tasks.o(i.xTaskRemoveFromUnorderedEventList) refers to list.o(i.vListInsertEnd) for vListInsertEnd
    tasks.o(i.xTaskRemoveFromUnorderedEventList) refers to tasks.o(.data) for .data
    tasks.o(i.xTaskRemoveFromUnorderedEventList) refers to tasks.o(.bss) for .bss
    tasks.o(i.xTaskResumeAll) refers to port.o(i.vPortEnterCritical) for vPortEnterCritical
    tasks.o(i.xTaskResumeAll) refers to list.o(i.uxListRemove) for uxListRemove
    tasks.o(i.xTaskResumeAll) refers to trckernelport.o(i.prvTraceGetTaskNumber) for prvTraceGetTaskNumber
    tasks.o(i.xTaskResumeAll) refers to trckernel.o(i.vTraceStoreTaskReady) for vTraceStoreTaskReady
    tasks.o(i.xTaskResumeAll) refers to list.o(i.vListInsertEnd) for vListInsertEnd
    tasks.o(i.xTaskResumeAll) refers to tasks.o(i.prvResetNextTaskUnblockTime) for prvResetNextTaskUnblockTime
    tasks.o(i.xTaskResumeAll) refers to tasks.o(i.xTaskIncrementTick) for xTaskIncrementTick
    tasks.o(i.xTaskResumeAll) refers to port.o(i.vPortExitCritical) for vPortExitCritical
    tasks.o(i.xTaskResumeAll) refers to tasks.o(.data) for .data
    tasks.o(i.xTaskResumeAll) refers to tasks.o(.bss) for .bss
    tasks.o(i.xTaskResumeFromISR) refers to port.o(i.vPortValidateInterruptPriority) for vPortValidateInterruptPriority
    tasks.o(i.xTaskResumeFromISR) refers to tasks.o(i.prvTaskIsTaskSuspended) for prvTaskIsTaskSuspended
    tasks.o(i.xTaskResumeFromISR) refers to trckernelport.o(i.prvTraceGetTaskNumber) for prvTraceGetTaskNumber
    tasks.o(i.xTaskResumeFromISR) refers to trckernel.o(i.vTraceStoreKernelCall) for vTraceStoreKernelCall
    tasks.o(i.xTaskResumeFromISR) refers to list.o(i.uxListRemove) for uxListRemove
    tasks.o(i.xTaskResumeFromISR) refers to trckernel.o(i.vTraceStoreTaskReady) for vTraceStoreTaskReady
    tasks.o(i.xTaskResumeFromISR) refers to list.o(i.vListInsertEnd) for vListInsertEnd
    tasks.o(i.xTaskResumeFromISR) refers to tasks.o(.data) for .data
    tasks.o(i.xTaskResumeFromISR) refers to tasks.o(.bss) for .bss
    port.o(.emb_text) refers to tasks.o(i.vTaskSwitchContext) for vTaskSwitchContext
    port.o(.emb_text) refers to tasks.o(.data) for pxCurrentTCB
    port.o(i.prvTaskExitError) refers to port.o(.data) for .data
    port.o(i.pxPortInitialiseStack) refers to port.o(i.prvTaskExitError) for prvTaskExitError
    port.o(i.vPortEndScheduler) refers to port.o(.data) for .data
    port.o(i.vPortEnterCritical) refers to port.o(.data) for .data
    port.o(i.vPortExitCritical) refers to port.o(.data) for .data
    port.o(i.vPortSetupTimerInterrupt) refers to system_stm32f4xx.o(.data) for SystemCoreClock
    port.o(i.vPortValidateInterruptPriority) refers to port.o(.emb_text) for vPortGetIPSR
    port.o(i.vPortValidateInterruptPriority) refers to port.o(.data) for .data
    port.o(i.xPortStartScheduler) refers to port.o(i.vPortSetupTimerInterrupt) for vPortSetupTimerInterrupt
    port.o(i.xPortStartScheduler) refers to port.o(.emb_text) for __asm___6_port_c_39a90d8d__prvEnableVFP
    port.o(i.xPortStartScheduler) refers to port.o(.data) for .data
    port.o(i.xPortSysTickHandler) refers to tasks.o(i.xTaskIncrementTick) for xTaskIncrementTick
    cmsis_os.o(i.osDelay) refers to tasks.o(i.vTaskDelay) for vTaskDelay
    cmsis_os.o(i.osKernelRunning) refers to tasks.o(i.xTaskGetSchedulerState) for xTaskGetSchedulerState
    cmsis_os.o(i.osKernelStart) refers to tasks.o(i.vTaskStartScheduler) for vTaskStartScheduler
    cmsis_os.o(i.osKernelSysTick) refers to cmsis_os.o(i.inHandlerMode) for inHandlerMode
    cmsis_os.o(i.osKernelSysTick) refers to tasks.o(i.xTaskGetTickCountFromISR) for xTaskGetTickCountFromISR
    cmsis_os.o(i.osKernelSysTick) refers to tasks.o(i.xTaskGetTickCount) for xTaskGetTickCount
    cmsis_os.o(i.osMailAlloc) refers to cmsis_os.o(i.osPoolAlloc) for osPoolAlloc
    cmsis_os.o(i.osMailCAlloc) refers to cmsis_os.o(i.osMailAlloc) for osMailAlloc
    cmsis_os.o(i.osMailCreate) refers to heap_4.o(i.pvPortMalloc) for pvPortMalloc
    cmsis_os.o(i.osMailCreate) refers to queue.o(i.xQueueGenericCreate) for xQueueGenericCreate
    cmsis_os.o(i.osMailCreate) refers to cmsis_os.o(i.osPoolCreate) for osPoolCreate
    cmsis_os.o(i.osMailCreate) refers to heap_4.o(i.vPortFree) for vPortFree
    cmsis_os.o(i.osMailFree) refers to cmsis_os.o(i.osPoolFree) for osPoolFree
    cmsis_os.o(i.osMailGet) refers to cmsis_os.o(i.inHandlerMode) for inHandlerMode
    cmsis_os.o(i.osMailGet) refers to queue.o(i.xQueueReceiveFromISR) for xQueueReceiveFromISR
    cmsis_os.o(i.osMailGet) refers to queue.o(i.xQueueGenericReceive) for xQueueGenericReceive
    cmsis_os.o(i.osMailPut) refers to cmsis_os.o(i.inHandlerMode) for inHandlerMode
    cmsis_os.o(i.osMailPut) refers to queue.o(i.xQueueGenericSendFromISR) for xQueueGenericSendFromISR
    cmsis_os.o(i.osMailPut) refers to queue.o(i.xQueueGenericSend) for xQueueGenericSend
    cmsis_os.o(i.osMessageAvailableSpace) refers to queue.o(i.uxQueueSpacesAvailable) for uxQueueSpacesAvailable
    cmsis_os.o(i.osMessageCreate) refers to queue.o(i.xQueueGenericCreate) for xQueueGenericCreate
    cmsis_os.o(i.osMessageDelete) refers to cmsis_os.o(i.inHandlerMode) for inHandlerMode
    cmsis_os.o(i.osMessageDelete) refers to queue.o(i.vQueueDelete) for vQueueDelete
    cmsis_os.o(i.osMessageGet) refers to cmsis_os.o(i.inHandlerMode) for inHandlerMode
    cmsis_os.o(i.osMessageGet) refers to queue.o(i.xQueueReceiveFromISR) for xQueueReceiveFromISR
    cmsis_os.o(i.osMessageGet) refers to queue.o(i.xQueueGenericReceive) for xQueueGenericReceive
    cmsis_os.o(i.osMessagePeek) refers to queue.o(i.xQueueGenericReceive) for xQueueGenericReceive
    cmsis_os.o(i.osMessagePut) refers to cmsis_os.o(i.inHandlerMode) for inHandlerMode
    cmsis_os.o(i.osMessagePut) refers to queue.o(i.xQueueGenericSendFromISR) for xQueueGenericSendFromISR
    cmsis_os.o(i.osMessagePut) refers to queue.o(i.xQueueGenericSend) for xQueueGenericSend
    cmsis_os.o(i.osMessageWaiting) refers to cmsis_os.o(i.inHandlerMode) for inHandlerMode
    cmsis_os.o(i.osMessageWaiting) refers to queue.o(i.uxQueueMessagesWaitingFromISR) for uxQueueMessagesWaitingFromISR
    cmsis_os.o(i.osMessageWaiting) refers to queue.o(i.uxQueueMessagesWaiting) for uxQueueMessagesWaiting
    cmsis_os.o(i.osMutexCreate) refers to queue.o(i.xQueueCreateMutex) for xQueueCreateMutex
    cmsis_os.o(i.osMutexDelete) refers to cmsis_os.o(i.inHandlerMode) for inHandlerMode
    cmsis_os.o(i.osMutexDelete) refers to queue.o(i.vQueueDelete) for vQueueDelete
    cmsis_os.o(i.osMutexRelease) refers to cmsis_os.o(i.inHandlerMode) for inHandlerMode
    cmsis_os.o(i.osMutexRelease) refers to queue.o(i.xQueueGiveFromISR) for xQueueGiveFromISR
    cmsis_os.o(i.osMutexRelease) refers to queue.o(i.xQueueGenericSend) for xQueueGenericSend
    cmsis_os.o(i.osMutexWait) refers to cmsis_os.o(i.inHandlerMode) for inHandlerMode
    cmsis_os.o(i.osMutexWait) refers to queue.o(i.xQueueReceiveFromISR) for xQueueReceiveFromISR
    cmsis_os.o(i.osMutexWait) refers to queue.o(i.xQueueGenericReceive) for xQueueGenericReceive
    cmsis_os.o(i.osPoolAlloc) refers to cmsis_os.o(i.inHandlerMode) for inHandlerMode
    cmsis_os.o(i.osPoolAlloc) refers to port.o(i.vPortEnterCritical) for vPortEnterCritical
    cmsis_os.o(i.osPoolAlloc) refers to port.o(i.vPortExitCritical) for vPortExitCritical
    cmsis_os.o(i.osPoolCAlloc) refers to cmsis_os.o(i.osPoolAlloc) for osPoolAlloc
    cmsis_os.o(i.osPoolCreate) refers to heap_4.o(i.pvPortMalloc) for pvPortMalloc
    cmsis_os.o(i.osPoolCreate) refers to heap_4.o(i.vPortFree) for vPortFree
    cmsis_os.o(i.osSemaphoreCreate) refers to queue.o(i.xQueueGenericCreate) for xQueueGenericCreate
    cmsis_os.o(i.osSemaphoreCreate) refers to queue.o(i.xQueueGenericSend) for xQueueGenericSend
    cmsis_os.o(i.osSemaphoreDelete) refers to cmsis_os.o(i.inHandlerMode) for inHandlerMode
    cmsis_os.o(i.osSemaphoreDelete) refers to queue.o(i.vQueueDelete) for vQueueDelete
    cmsis_os.o(i.osSemaphoreGetCount) refers to queue.o(i.uxQueueMessagesWaiting) for uxQueueMessagesWaiting
    cmsis_os.o(i.osSemaphoreRelease) refers to cmsis_os.o(i.inHandlerMode) for inHandlerMode
    cmsis_os.o(i.osSemaphoreRelease) refers to queue.o(i.xQueueGiveFromISR) for xQueueGiveFromISR
    cmsis_os.o(i.osSemaphoreRelease) refers to queue.o(i.xQueueGenericSend) for xQueueGenericSend
    cmsis_os.o(i.osSemaphoreWait) refers to cmsis_os.o(i.inHandlerMode) for inHandlerMode
    cmsis_os.o(i.osSemaphoreWait) refers to queue.o(i.xQueueReceiveFromISR) for xQueueReceiveFromISR
    cmsis_os.o(i.osSemaphoreWait) refers to queue.o(i.xQueueGenericReceive) for xQueueGenericReceive
    cmsis_os.o(i.osSignalSet) refers to cmsis_os.o(i.inHandlerMode) for inHandlerMode
    cmsis_os.o(i.osSignalSet) refers to tasks.o(i.xTaskGenericNotifyFromISR) for xTaskGenericNotifyFromISR
    cmsis_os.o(i.osSignalSet) refers to tasks.o(i.xTaskGenericNotify) for xTaskGenericNotify
    cmsis_os.o(i.osSignalWait) refers to cmsis_os.o(i.inHandlerMode) for inHandlerMode
    cmsis_os.o(i.osSignalWait) refers to tasks.o(i.xTaskNotifyWait) for xTaskNotifyWait
    cmsis_os.o(i.osSystickHandler) refers to tasks.o(i.xTaskGetSchedulerState) for xTaskGetSchedulerState
    cmsis_os.o(i.osSystickHandler) refers to port.o(i.xPortSysTickHandler) for xPortSysTickHandler
    cmsis_os.o(i.osThreadCreate) refers to cmsis_os.o(i.makeFreeRtosPriority) for makeFreeRtosPriority
    cmsis_os.o(i.osThreadCreate) refers to tasks.o(i.xTaskCreate) for xTaskCreate
    cmsis_os.o(i.osThreadGetId) refers to tasks.o(i.xTaskGetCurrentTaskHandle) for xTaskGetCurrentTaskHandle
    cmsis_os.o(i.osThreadGetPriority) refers to cmsis_os.o(i.inHandlerMode) for inHandlerMode
    cmsis_os.o(i.osThreadGetPriority) refers to tasks.o(i.uxTaskPriorityGetFromISR) for uxTaskPriorityGetFromISR
    cmsis_os.o(i.osThreadGetPriority) refers to tasks.o(i.uxTaskPriorityGet) for uxTaskPriorityGet
    cmsis_os.o(i.osThreadGetPriority) refers to cmsis_os.o(i.makeCmsisPriority) for makeCmsisPriority
    cmsis_os.o(i.osThreadResume) refers to cmsis_os.o(i.inHandlerMode) for inHandlerMode
    cmsis_os.o(i.osThreadResume) refers to tasks.o(i.xTaskResumeFromISR) for xTaskResumeFromISR
    cmsis_os.o(i.osThreadResume) refers to tasks.o(i.vTaskResume) for vTaskResume
    cmsis_os.o(i.osThreadResumeAll) refers to tasks.o(i.xTaskResumeAll) for xTaskResumeAll
    cmsis_os.o(i.osThreadSetPriority) refers to cmsis_os.o(i.makeFreeRtosPriority) for makeFreeRtosPriority
    cmsis_os.o(i.osThreadSetPriority) refers to tasks.o(i.vTaskPrioritySet) for vTaskPrioritySet
    cmsis_os.o(i.osThreadSuspend) refers to tasks.o(i.vTaskSuspend) for vTaskSuspend
    cmsis_os.o(i.osThreadSuspendAll) refers to tasks.o(i.vTaskSuspendAll) for vTaskSuspendAll
    cmsis_os.o(i.osThreadTerminate) refers to tasks.o(i.vTaskDelete) for vTaskDelete
    trcbase.o(i.prvCheckDataToBeOverwrittenForMultiEntryEvents) refers to trcbase.o(i.vTraceError) for vTraceError
    trcbase.o(i.prvCheckDataToBeOverwrittenForMultiEntryEvents) refers to memseta.o(.text) for __aeabi_memclr4
    trcbase.o(i.prvCheckDataToBeOverwrittenForMultiEntryEvents) refers to trcbase.o(.data) for .data
    trcbase.o(i.prvCheckDataToBeOverwrittenForMultiEntryEvents) refers to trcbase.o(.conststring) for .conststring
    trcbase.o(i.prvTraceCreateSymbolTableEntry) refers to trcbase.o(i.vTraceError) for vTraceError
    trcbase.o(i.prvTraceCreateSymbolTableEntry) refers to strncpy.o(.text) for strncpy
    trcbase.o(i.prvTraceCreateSymbolTableEntry) refers to trcbase.o(.data) for .data
    trcbase.o(i.prvTraceGetChecksum) refers to trcbase.o(i.vTraceError) for vTraceError
    trcbase.o(i.prvTraceGetDTS) refers to trcbase.o(i.vTraceError) for vTraceError
    trcbase.o(i.prvTraceGetDTS) refers to trchardwareport.o(i.vTracePortGetTimeStamp) for vTracePortGetTimeStamp
    trcbase.o(i.prvTraceGetDTS) refers to trcbase.o(i.xTraceNextFreeEventBufferSlot) for xTraceNextFreeEventBufferSlot
    trcbase.o(i.prvTraceGetDTS) refers to trcbase.o(i.prvTraceUpdateCounters) for prvTraceUpdateCounters
    trcbase.o(i.prvTraceGetDTS) refers to trcbase.o(.data) for .data
    trcbase.o(i.prvTraceInitTraceData) refers to memseta.o(.text) for __aeabi_memclr4
    trcbase.o(i.prvTraceInitTraceData) refers to trckernelport.o(i.vTraceInitObjectPropertyTable) for vTraceInitObjectPropertyTable
    trcbase.o(i.prvTraceInitTraceData) refers to strncpy.o(.text) for strncpy
    trcbase.o(i.prvTraceInitTraceData) refers to trckernelport.o(i.vTraceInitObjectHandleStack) for vTraceInitObjectHandleStack
    trcbase.o(i.prvTraceInitTraceData) refers to trcbase.o(i.vTraceError) for vTraceError
    trcbase.o(i.prvTraceInitTraceData) refers to trchardwareport.o(i.prvTraceInitCortexM) for prvTraceInitCortexM
    trcbase.o(i.prvTraceInitTraceData) refers to trchardwareport.o(.data) for DWT_CYCLES_ADDED
    trcbase.o(i.prvTraceInitTraceData) refers to trcbase.o(.data) for .data
    trcbase.o(i.prvTraceInitTraceData) refers to trcbase.o(.bss) for .bss
    trcbase.o(i.prvTraceLookupSymbolTableEntry) refers to trcbase.o(i.vTraceError) for vTraceError
    trcbase.o(i.prvTraceLookupSymbolTableEntry) refers to strncmp.o(.text) for strncmp
    trcbase.o(i.prvTraceLookupSymbolTableEntry) refers to trcbase.o(.data) for .data
    trcbase.o(i.prvTraceOpenSymbol) refers to trcbase.o(i.prvTraceGetChecksum) for prvTraceGetChecksum
    trcbase.o(i.prvTraceOpenSymbol) refers to trcbase.o(i.prvTraceLookupSymbolTableEntry) for prvTraceLookupSymbolTableEntry
    trcbase.o(i.prvTraceOpenSymbol) refers to trcbase.o(i.vTraceError) for vTraceError
    trcbase.o(i.prvTraceOpenSymbol) refers to trcbase.o(i.prvTraceCreateSymbolTableEntry) for prvTraceCreateSymbolTableEntry
    trcbase.o(i.prvTraceOpenSymbol) refers to trcbase.o(.data) for .data
    trcbase.o(i.prvTraceUpdateCounters) refers to trcuser.o(i.vTraceStop) for vTraceStop
    trcbase.o(i.prvTraceUpdateCounters) refers to trcbase.o(.data) for .data
    trcbase.o(i.uiIndexOfObject) refers to trcbase.o(i.vTraceError) for vTraceError
    trcbase.o(i.uiIndexOfObject) refers to trcbase.o(.data) for .data
    trcbase.o(i.vTraceError) refers to strncpy.o(.text) for strncpy
    trcbase.o(i.vTraceError) refers to trcbase.o(.data) for .data
    trcbase.o(i.vTraceFreeObjectHandle) refers to trcbase.o(i.vTraceError) for vTraceError
    trcbase.o(i.vTraceFreeObjectHandle) refers to trcbase.o(.conststring) for .conststring
    trcbase.o(i.vTraceFreeObjectHandle) refers to trcbase.o(.data) for .data
    trcbase.o(i.vTraceFreeObjectHandle) refers to trcbase.o(.bss) for .bss
    trcbase.o(i.vTraceSetObjectName) refers to trckernelport.o(i.pszTraceGetErrorNotEnoughHandles) for pszTraceGetErrorNotEnoughHandles
    trcbase.o(i.vTraceSetObjectName) refers to trcbase.o(i.vTraceError) for vTraceError
    trcbase.o(i.vTraceSetObjectName) refers to trcbase.o(i.uiIndexOfObject) for uiIndexOfObject
    trcbase.o(i.vTraceSetObjectName) refers to strncpy.o(.text) for strncpy
    trcbase.o(i.vTraceSetObjectName) refers to trcbase.o(.data) for .data
    trcbase.o(i.xTraceGetObjectHandle) refers to trckernelport.o(i.pszTraceGetErrorNotEnoughHandles) for pszTraceGetErrorNotEnoughHandles
    trcbase.o(i.xTraceGetObjectHandle) refers to trcbase.o(i.vTraceError) for vTraceError
    trcbase.o(i.xTraceGetObjectHandle) refers to trcbase.o(.conststring) for .conststring
    trcbase.o(i.xTraceGetObjectHandle) refers to trcbase.o(.bss) for .bss
    trcbase.o(i.xTraceGetObjectHandle) refers to trcbase.o(.data) for .data
    trcbase.o(i.xTraceNextFreeEventBufferSlot) refers to trcbase.o(i.vTraceError) for vTraceError
    trcbase.o(i.xTraceNextFreeEventBufferSlot) refers to trcbase.o(.data) for .data
    trchardwareport.o(i.prvTraceInitCortexM) refers to trcbase.o(i.vTraceError) for vTraceError
    trchardwareport.o(i.prvTraceInitCortexM) refers to trcbase.o(.data) for RecorderDataPtr
    trchardwareport.o(i.prvTraceInitCortexM) refers to system_stm32f4xx.o(.data) for SystemCoreClock
    trchardwareport.o(i.vTracePortGetTimeStamp) refers to trchardwareport.o(.data) for .data
    trckernel.o(i.prvTraceGetParam) refers to trcbase.o(i.vTraceError) for vTraceError
    trckernel.o(i.prvTraceGetParam) refers to trcbase.o(i.xTraceNextFreeEventBufferSlot) for xTraceNextFreeEventBufferSlot
    trckernel.o(i.prvTraceGetParam) refers to trcbase.o(i.prvTraceUpdateCounters) for prvTraceUpdateCounters
    trckernel.o(i.uiTraceGetObjectState) refers to trcbase.o(i.vTraceError) for vTraceError
    trckernel.o(i.uiTraceGetObjectState) refers to trcbase.o(i.uiIndexOfObject) for uiIndexOfObject
    trckernel.o(i.uiTraceGetObjectState) refers to trckernel.o(.conststring) for .conststring
    trckernel.o(i.uiTraceGetObjectState) refers to trcbase.o(.data) for RecorderDataPtr
    trckernel.o(i.uiTraceGetPriorityProperty) refers to trcbase.o(i.vTraceError) for vTraceError
    trckernel.o(i.uiTraceGetPriorityProperty) refers to trcbase.o(i.uiIndexOfObject) for uiIndexOfObject
    trckernel.o(i.uiTraceGetPriorityProperty) refers to trckernel.o(.conststring) for .conststring
    trckernel.o(i.uiTraceGetPriorityProperty) refers to trcbase.o(.data) for RecorderDataPtr
    trckernel.o(i.vTraceSetObjectState) refers to trcbase.o(i.vTraceError) for vTraceError
    trckernel.o(i.vTraceSetObjectState) refers to trcbase.o(i.uiIndexOfObject) for uiIndexOfObject
    trckernel.o(i.vTraceSetObjectState) refers to trckernel.o(.conststring) for .conststring
    trckernel.o(i.vTraceSetObjectState) refers to trcbase.o(.data) for RecorderDataPtr
    trckernel.o(i.vTraceSetPriorityProperty) refers to trcbase.o(i.vTraceError) for vTraceError
    trckernel.o(i.vTraceSetPriorityProperty) refers to trcbase.o(i.uiIndexOfObject) for uiIndexOfObject
    trckernel.o(i.vTraceSetPriorityProperty) refers to trckernel.o(.conststring) for .conststring
    trckernel.o(i.vTraceSetPriorityProperty) refers to trcbase.o(.data) for RecorderDataPtr
    trckernel.o(i.vTraceSetReadyEventsEnabled) refers to trckernel.o(.data) for .data
    trckernel.o(i.vTraceSetTaskInstanceFinished) refers to trcbase.o(i.vTraceError) for vTraceError
    trckernel.o(i.vTraceSetTaskInstanceFinished) refers to trcbase.o(i.uiIndexOfObject) for uiIndexOfObject
    trckernel.o(i.vTraceSetTaskInstanceFinished) refers to trcbase.o(.data) for RecorderDataPtr
    trckernel.o(i.vTraceSetTaskInstanceFinished) refers to trckernel.o(.conststring) for .conststring
    trckernel.o(i.vTraceStoreKernelCall) refers to trcbase.o(i.vTraceError) for vTraceError
    trckernel.o(i.vTraceStoreKernelCall) refers to trckernelport.o(i.uiTraceIsObjectExcluded) for uiTraceIsObjectExcluded
    trckernel.o(i.vTraceStoreKernelCall) refers to trcbase.o(i.prvTraceGetDTS) for prvTraceGetDTS
    trckernel.o(i.vTraceStoreKernelCall) refers to trcbase.o(i.xTraceNextFreeEventBufferSlot) for xTraceNextFreeEventBufferSlot
    trckernel.o(i.vTraceStoreKernelCall) refers to trcbase.o(i.prvTraceUpdateCounters) for prvTraceUpdateCounters
    trckernel.o(i.vTraceStoreKernelCall) refers to trckernel.o(.conststring) for .conststring
    trckernel.o(i.vTraceStoreKernelCall) refers to trcbase.o(.data) for RecorderDataPtr
    trckernel.o(i.vTraceStoreKernelCall) refers to trckernel.o(.data) for .data
    trckernel.o(i.vTraceStoreKernelCall) refers to trcbase.o(.bss) for excludedEventCodes
    trckernel.o(i.vTraceStoreKernelCallWithNumericParamOnly) refers to trcbase.o(i.vTraceError) for vTraceError
    trckernel.o(i.vTraceStoreKernelCallWithNumericParamOnly) refers to trcbase.o(i.prvTraceGetDTS) for prvTraceGetDTS
    trckernel.o(i.vTraceStoreKernelCallWithNumericParamOnly) refers to trckernel.o(i.prvTraceGetParam) for prvTraceGetParam
    trckernel.o(i.vTraceStoreKernelCallWithNumericParamOnly) refers to trcbase.o(i.xTraceNextFreeEventBufferSlot) for xTraceNextFreeEventBufferSlot
    trckernel.o(i.vTraceStoreKernelCallWithNumericParamOnly) refers to trcbase.o(i.prvTraceUpdateCounters) for prvTraceUpdateCounters
    trckernel.o(i.vTraceStoreKernelCallWithNumericParamOnly) refers to trckernel.o(.conststring) for .conststring
    trckernel.o(i.vTraceStoreKernelCallWithNumericParamOnly) refers to trcbase.o(.data) for recorder_busy
    trckernel.o(i.vTraceStoreKernelCallWithNumericParamOnly) refers to trckernel.o(.data) for .data
    trckernel.o(i.vTraceStoreKernelCallWithNumericParamOnly) refers to trcbase.o(.bss) for excludedEventCodes
    trckernel.o(i.vTraceStoreKernelCallWithParam) refers to trcbase.o(i.vTraceError) for vTraceError
    trckernel.o(i.vTraceStoreKernelCallWithParam) refers to trckernelport.o(i.uiTraceIsObjectExcluded) for uiTraceIsObjectExcluded
    trckernel.o(i.vTraceStoreKernelCallWithParam) refers to trcbase.o(i.prvTraceGetDTS) for prvTraceGetDTS
    trckernel.o(i.vTraceStoreKernelCallWithParam) refers to trckernel.o(i.prvTraceGetParam) for prvTraceGetParam
    trckernel.o(i.vTraceStoreKernelCallWithParam) refers to trcbase.o(i.xTraceNextFreeEventBufferSlot) for xTraceNextFreeEventBufferSlot
    trckernel.o(i.vTraceStoreKernelCallWithParam) refers to trcbase.o(i.prvTraceUpdateCounters) for prvTraceUpdateCounters
    trckernel.o(i.vTraceStoreKernelCallWithParam) refers to trckernel.o(.conststring) for .conststring
    trckernel.o(i.vTraceStoreKernelCallWithParam) refers to trcbase.o(.data) for RecorderDataPtr
    trckernel.o(i.vTraceStoreKernelCallWithParam) refers to trckernel.o(.data) for .data
    trckernel.o(i.vTraceStoreKernelCallWithParam) refers to trcbase.o(.bss) for excludedEventCodes
    trckernel.o(i.vTraceStoreLowPower) refers to trcbase.o(i.vTraceError) for vTraceError
    trckernel.o(i.vTraceStoreLowPower) refers to trcbase.o(i.prvTraceGetDTS) for prvTraceGetDTS
    trckernel.o(i.vTraceStoreLowPower) refers to trcbase.o(i.xTraceNextFreeEventBufferSlot) for xTraceNextFreeEventBufferSlot
    trckernel.o(i.vTraceStoreLowPower) refers to trcbase.o(i.prvTraceUpdateCounters) for prvTraceUpdateCounters
    trckernel.o(i.vTraceStoreLowPower) refers to trcbase.o(.data) for recorder_busy
    trckernel.o(i.vTraceStoreMemMangEvent) refers to trcbase.o(i.prvTraceGetDTS) for prvTraceGetDTS
    trckernel.o(i.vTraceStoreMemMangEvent) refers to trckernel.o(i.prvTraceGetParam) for prvTraceGetParam
    trckernel.o(i.vTraceStoreMemMangEvent) refers to trcbase.o(i.xTraceNextFreeEventBufferSlot) for xTraceNextFreeEventBufferSlot
    trckernel.o(i.vTraceStoreMemMangEvent) refers to trcbase.o(i.prvTraceUpdateCounters) for prvTraceUpdateCounters
    trckernel.o(i.vTraceStoreMemMangEvent) refers to trcbase.o(.data) for RecorderDataPtr
    trckernel.o(i.vTraceStoreMemMangEvent) refers to trckernel.o(.data) for .data
    trckernel.o(i.vTraceStoreTaskReady) refers to trcbase.o(i.vTraceError) for vTraceError
    trckernel.o(i.vTraceStoreTaskReady) refers to trcbase.o(i.prvTraceGetDTS) for prvTraceGetDTS
    trckernel.o(i.vTraceStoreTaskReady) refers to trcbase.o(i.xTraceNextFreeEventBufferSlot) for xTraceNextFreeEventBufferSlot
    trckernel.o(i.vTraceStoreTaskReady) refers to trcbase.o(i.prvTraceUpdateCounters) for prvTraceUpdateCounters
    trckernel.o(i.vTraceStoreTaskReady) refers to trckernel.o(.data) for .data
    trckernel.o(i.vTraceStoreTaskReady) refers to trcbase.o(.data) for recorder_busy
    trckernel.o(i.vTraceStoreTaskswitch) refers to trcbase.o(i.vTraceError) for vTraceError
    trckernel.o(i.vTraceStoreTaskswitch) refers to trcbase.o(i.prvTraceGetDTS) for prvTraceGetDTS
    trckernel.o(i.vTraceStoreTaskswitch) refers to trcbase.o(i.xTraceNextFreeEventBufferSlot) for xTraceNextFreeEventBufferSlot
    trckernel.o(i.vTraceStoreTaskswitch) refers to trckernel.o(i.uiTraceGetObjectState) for uiTraceGetObjectState
    trckernel.o(i.vTraceStoreTaskswitch) refers to trckernel.o(i.vTraceSetObjectState) for vTraceSetObjectState
    trckernel.o(i.vTraceStoreTaskswitch) refers to trcbase.o(i.prvTraceUpdateCounters) for prvTraceUpdateCounters
    trckernel.o(i.vTraceStoreTaskswitch) refers to trckernel.o(.conststring) for .conststring
    trckernel.o(i.vTraceStoreTaskswitch) refers to trcbase.o(.data) for excludedObjects
    trckernel.o(i.vTraceStoreTaskswitch) refers to trckernel.o(.data) for .data
    trckernelport.o(i.prvTraceGetCurrentTaskHandle) refers to tasks.o(i.xTaskGetCurrentTaskHandle) for xTaskGetCurrentTaskHandle
    trckernelport.o(i.prvTraceGetObjectNumber) refers to queue.o(i.uxQueueGetQueueNumber) for uxQueueGetQueueNumber
    trckernelport.o(i.prvTraceGetObjectType) refers to queue.o(i.ucQueueGetQueueType) for ucQueueGetQueueType
    trckernelport.o(i.prvTraceGetTaskNumber) refers to tasks.o(i.uxTaskGetTaskNumber) for uxTaskGetTaskNumber
    trckernelport.o(i.prvTraceIsSchedulerActive) refers to tasks.o(i.xTaskGetSchedulerState) for xTaskGetSchedulerState
    trckernelport.o(i.prvTraceIsSchedulerStarted) refers to tasks.o(i.xTaskGetSchedulerState) for xTaskGetSchedulerState
    trckernelport.o(i.prvTraceIsSchedulerSuspended) refers to tasks.o(i.xTaskGetSchedulerState) for xTaskGetSchedulerState
    trckernelport.o(i.pszTraceGetErrorNotEnoughHandles) refers to trckernelport.o(.conststring) for .conststring
    trckernelport.o(i.uiTraceIsObjectExcluded) refers to trcbase.o(i.vTraceError) for vTraceError
    trckernelport.o(i.uiTraceIsObjectExcluded) refers to trckernelport.o(.conststring) for .conststring
    trckernelport.o(i.uiTraceIsObjectExcluded) refers to trcbase.o(.data) for RecorderDataPtr
    trckernelport.o(i.vTraceInitObjectHandleStack) refers to trcbase.o(.bss) for objectHandleStacks
    trckernelport.o(i.vTraceInitObjectPropertyTable) refers to trcbase.o(.data) for RecorderDataPtr
    trcuser.o(i.prvTraceTaskInstanceFinish) refers to trcbase.o(i.prvTraceGetDTS) for prvTraceGetDTS
    trcuser.o(i.prvTraceTaskInstanceFinish) refers to trcbase.o(i.xTraceNextFreeEventBufferSlot) for xTraceNextFreeEventBufferSlot
    trcuser.o(i.prvTraceTaskInstanceFinish) refers to trcbase.o(i.prvTraceUpdateCounters) for prvTraceUpdateCounters
    trcuser.o(i.prvTraceTaskInstanceFinish) refers to trcbase.o(.data) for recorder_busy
    trcuser.o(i.prvTraceTaskInstanceFinish) refers to trckernel.o(.data) for inExcludedTask
    trcuser.o(i.prvTraceUserEventFormat) refers to trcuser.o(i.xTraceOpenLabel) for xTraceOpenLabel
    trcuser.o(i.prvTraceUserEventFormat) refers to dfixui.o(.text) for __aeabi_d2uiz
    trcuser.o(i.prvTraceUserEventFormat) refers to trcuser.o(i.writeInt32) for writeInt32
    trcuser.o(i.prvTraceUserEventFormat) refers to trcuser.o(i.writeInt16) for writeInt16
    trcuser.o(i.prvTraceUserEventFormat) refers to trcuser.o(i.writeInt8) for writeInt8
    trcuser.o(i.prvTraceUserEventFormat) refers to trcbase.o(i.vTraceError) for vTraceError
    trcuser.o(i.uiTraceStart) refers to trcbase.o(i.vTraceError) for vTraceError
    trcuser.o(i.uiTraceStart) refers to trckernelport.o(i.prvTraceGetCurrentTaskHandle) for prvTraceGetCurrentTaskHandle
    trcuser.o(i.uiTraceStart) refers to trckernelport.o(i.prvTraceGetTaskNumber) for prvTraceGetTaskNumber
    trcuser.o(i.uiTraceStart) refers to trcbase.o(i.xTraceGetObjectHandle) for xTraceGetObjectHandle
    trcuser.o(i.uiTraceStart) refers to trcbase.o(i.vTraceSetObjectName) for vTraceSetObjectName
    trcuser.o(i.uiTraceStart) refers to trckernel.o(i.vTraceSetPriorityProperty) for vTraceSetPriorityProperty
    trcuser.o(i.uiTraceStart) refers to trckernel.o(i.vTraceStoreTaskswitch) for vTraceStoreTaskswitch
    trcuser.o(i.uiTraceStart) refers to trcbase.o(.data) for RecorderDataPtr
    trcuser.o(i.uiTraceStart) refers to trcuser.o(.conststring) for .conststring
    trcuser.o(i.vTraceClear) refers to memseta.o(.text) for __aeabi_memclr4
    trcuser.o(i.vTraceClear) refers to trcbase.o(.data) for recorder_busy
    trcuser.o(i.vTraceClear) refers to trckernel.o(.data) for handle_of_last_logged_task
    trcuser.o(i.vTraceClearError) refers to trcbase.o(.data) for traceErrorMessage
    trcuser.o(i.vTraceGetTraceBuffer) refers to trcbase.o(.data) for RecorderDataPtr
    trcuser.o(i.vTraceInitTraceData) refers to trcbase.o(i.prvTraceInitTraceData) for prvTraceInitTraceData
    trcuser.o(i.vTracePrintF) refers to trcuser.o(i.vTracePrintF_Helper) for vTracePrintF_Helper
    trcuser.o(i.vTracePrintF_Helper) refers to trcuser.o(i.prvTraceUserEventFormat) for prvTraceUserEventFormat
    trcuser.o(i.vTracePrintF_Helper) refers to trcbase.o(i.prvTraceOpenSymbol) for prvTraceOpenSymbol
    trcuser.o(i.vTracePrintF_Helper) refers to trcbase.o(i.prvTraceGetDTS) for prvTraceGetDTS
    trcuser.o(i.vTracePrintF_Helper) refers to trcuser.o(i.vTraceStop) for vTraceStop
    trcuser.o(i.vTracePrintF_Helper) refers to memcpya.o(.text) for __aeabi_memcpy4
    trcuser.o(i.vTracePrintF_Helper) refers to trcbase.o(i.vTraceError) for vTraceError
    trcuser.o(i.vTracePrintF_Helper) refers to trcbase.o(.data) for recorder_busy
    trcuser.o(i.vTracePrintF_Helper) refers to trckernel.o(.data) for inExcludedTask
    trcuser.o(i.vTraceSetISRProperties) refers to trcbase.o(i.vTraceSetObjectName) for vTraceSetObjectName
    trcuser.o(i.vTraceSetISRProperties) refers to trckernel.o(i.vTraceSetPriorityProperty) for vTraceSetPriorityProperty
    trcuser.o(i.vTraceSetISRProperties) refers to trcbase.o(i.vTraceError) for vTraceError
    trcuser.o(i.vTraceSetISRProperties) refers to trcbase.o(.data) for RecorderDataPtr
    trcuser.o(i.vTraceSetStopHook) refers to trcuser.o(.data) for .data
    trcuser.o(i.vTraceStart) refers to trcuser.o(i.uiTraceStart) for uiTraceStart
    trcuser.o(i.vTraceStop) refers to trcbase.o(.data) for RecorderDataPtr
    trcuser.o(i.vTraceStop) refers to trcuser.o(.data) for .data
    trcuser.o(i.vTraceStoreISRBegin) refers to trcbase.o(i.vTraceError) for vTraceError
    trcuser.o(i.vTraceStoreISRBegin) refers to trcbase.o(i.prvTraceGetDTS) for prvTraceGetDTS
    trcuser.o(i.vTraceStoreISRBegin) refers to trcbase.o(i.xTraceNextFreeEventBufferSlot) for xTraceNextFreeEventBufferSlot
    trcuser.o(i.vTraceStoreISRBegin) refers to trcbase.o(i.prvTraceUpdateCounters) for prvTraceUpdateCounters
    trcuser.o(i.vTraceStoreISRBegin) refers to trcuser.o(.data) for .data
    trcuser.o(i.vTraceStoreISRBegin) refers to trcbase.o(.data) for recorder_busy
    trcuser.o(i.vTraceStoreISRBegin) refers to trckernel.o(.data) for nISRactive
    trcuser.o(i.vTraceStoreISRBegin) refers to trcuser.o(.bss) for .bss
    trcuser.o(i.vTraceStoreISREnd) refers to trcbase.o(i.vTraceError) for vTraceError
    trcuser.o(i.vTraceStoreISREnd) refers to trcbase.o(i.prvTraceGetDTS) for prvTraceGetDTS
    trcuser.o(i.vTraceStoreISREnd) refers to trcbase.o(i.xTraceNextFreeEventBufferSlot) for xTraceNextFreeEventBufferSlot
    trcuser.o(i.vTraceStoreISREnd) refers to trcbase.o(i.prvTraceUpdateCounters) for prvTraceUpdateCounters
    trcuser.o(i.vTraceStoreISREnd) refers to trcbase.o(.data) for RecorderDataPtr
    trcuser.o(i.vTraceStoreISREnd) refers to trckernel.o(.data) for handle_of_last_logged_task
    trcuser.o(i.vTraceStoreISREnd) refers to trcuser.o(.data) for .data
    trcuser.o(i.vTraceStoreISREnd) refers to trcuser.o(.bss) for .bss
    trcuser.o(i.vTraceStoreISREnd) refers to trcuser.o(.conststring) for .conststring
    trcuser.o(i.vTraceTaskInstanceFinish) refers to trcuser.o(i.prvTraceTaskInstanceFinish) for prvTraceTaskInstanceFinish
    trcuser.o(i.vTraceTaskInstanceFinishDirect) refers to trcuser.o(i.prvTraceTaskInstanceFinish) for prvTraceTaskInstanceFinish
    trcuser.o(i.vTraceUserEvent) refers to trcbase.o(i.prvTraceGetDTS) for prvTraceGetDTS
    trcuser.o(i.vTraceUserEvent) refers to trcbase.o(i.xTraceNextFreeEventBufferSlot) for xTraceNextFreeEventBufferSlot
    trcuser.o(i.vTraceUserEvent) refers to trcbase.o(i.prvTraceUpdateCounters) for prvTraceUpdateCounters
    trcuser.o(i.vTraceUserEvent) refers to trcbase.o(i.vTraceError) for vTraceError
    trcuser.o(i.vTraceUserEvent) refers to trcbase.o(.data) for recorder_busy
    trcuser.o(i.vTraceUserEvent) refers to trckernel.o(.data) for inExcludedTask
    trcuser.o(i.writeInt16) refers to trcbase.o(i.vTraceError) for vTraceError
    trcuser.o(i.writeInt32) refers to trcbase.o(i.vTraceError) for vTraceError
    trcuser.o(i.writeInt8) refers to trcbase.o(i.vTraceError) for vTraceError
    trcuser.o(i.xTraceGetLastError) refers to trcbase.o(.data) for traceErrorMessage
    trcuser.o(i.xTraceOpenLabel) refers to trcbase.o(i.prvTraceOpenSymbol) for prvTraceOpenSymbol
    trcuser.o(i.xTraceOpenLabel) refers to trcbase.o(i.vTraceError) for vTraceError
    entry.o(.ARM.Collect$$$$00000000) refers (Special) to entry10a.o(.ARM.Collect$$$$0000000D) for __rt_final_cpp
    entry.o(.ARM.Collect$$$$00000000) refers (Special) to entry11a.o(.ARM.Collect$$$$0000000F) for __rt_final_exit
    entry.o(.ARM.Collect$$$$00000000) refers (Special) to entry7b.o(.ARM.Collect$$$$00000008) for _main_clock
    entry.o(.ARM.Collect$$$$00000000) refers (Special) to entry8b.o(.ARM.Collect$$$$0000000A) for _main_cpp_init
    entry.o(.ARM.Collect$$$$00000000) refers (Special) to entry9a.o(.ARM.Collect$$$$0000000B) for _main_init
    entry.o(.ARM.Collect$$$$00000000) refers (Special) to entry5.o(.ARM.Collect$$$$00000004) for _main_scatterload
    entry.o(.ARM.Collect$$$$00000000) refers (Special) to entry2.o(.ARM.Collect$$$$00000001) for _main_stk
    dfixui.o(.text) refers (Special) to iusefp.o(.text) for __I$use$fp
    dfixui.o(.text) refers to llushr.o(.text) for __aeabi_llsr
    entry2.o(.ARM.Collect$$$$00000001) refers to entry2.o(.ARM.Collect$$$$00002712) for __lit__00000000
    entry2.o(.ARM.Collect$$$$00002712) refers to startup_stm32f407xx.o(STACK) for __initial_sp
    entry2.o(__vectab_stack_and_reset_area) refers to startup_stm32f407xx.o(STACK) for __initial_sp
    entry2.o(__vectab_stack_and_reset_area) refers to entry.o(.ARM.Collect$$$$00000000) for __main
    entry5.o(.ARM.Collect$$$$00000004) refers to init.o(.text) for __scatterload
    entry9a.o(.ARM.Collect$$$$0000000B) refers to main.o(i.main) for main
    entry9b.o(.ARM.Collect$$$$0000000C) refers to main.o(i.main) for main
    init.o(.text) refers to entry5.o(.ARM.Collect$$$$00000004) for __main_after_scatterload


==============================================================================

Removing Unused input sections from the image.

    Removing stm32f4xx_hal_cortex.o(.rev16_text), (4 bytes).
    Removing stm32f4xx_hal_cortex.o(.revsh_text), (4 bytes).
    Removing stm32f4xx_hal_cortex.o(.rrx_text), (6 bytes).
    Removing stm32f4xx_hal_cortex.o(i.HAL_MPU_ConfigRegion), (84 bytes).
    Removing stm32f4xx_hal_cortex.o(i.HAL_MPU_Disable), (28 bytes).
    Removing stm32f4xx_hal_cortex.o(i.HAL_MPU_Enable), (36 bytes).
    Removing stm32f4xx_hal_cortex.o(i.HAL_NVIC_ClearPendingIRQ), (22 bytes).
    Removing stm32f4xx_hal_cortex.o(i.HAL_NVIC_DisableIRQ), (22 bytes).
    Removing stm32f4xx_hal_cortex.o(i.HAL_NVIC_EnableIRQ), (22 bytes).
    Removing stm32f4xx_hal_cortex.o(i.HAL_NVIC_GetActive), (32 bytes).
    Removing stm32f4xx_hal_cortex.o(i.HAL_NVIC_GetPendingIRQ), (32 bytes).
    Removing stm32f4xx_hal_cortex.o(i.HAL_NVIC_GetPriority), (82 bytes).
    Removing stm32f4xx_hal_cortex.o(i.HAL_NVIC_GetPriorityGrouping), (16 bytes).
    Removing stm32f4xx_hal_cortex.o(i.HAL_NVIC_SetPendingIRQ), (22 bytes).
    Removing stm32f4xx_hal_cortex.o(i.HAL_NVIC_SystemReset), (36 bytes).
    Removing stm32f4xx_hal_cortex.o(i.HAL_SYSTICK_Callback), (2 bytes).
    Removing stm32f4xx_hal_cortex.o(i.HAL_SYSTICK_IRQHandler), (8 bytes).
    Removing stm32f4xx_hal_flash_ex.o(.rev16_text), (4 bytes).
    Removing stm32f4xx_hal_flash_ex.o(.revsh_text), (4 bytes).
    Removing stm32f4xx_hal_flash_ex.o(.rrx_text), (6 bytes).
    Removing stm32f4xx_hal_flash_ex.o(i.FLASH_Erase_Sector), (88 bytes).
    Removing stm32f4xx_hal_flash_ex.o(i.FLASH_FlushCaches), (84 bytes).
    Removing stm32f4xx_hal_flash_ex.o(i.FLASH_MassErase), (40 bytes).
    Removing stm32f4xx_hal_flash_ex.o(i.HAL_FLASHEx_Erase), (152 bytes).
    Removing stm32f4xx_hal_flash_ex.o(i.HAL_FLASHEx_Erase_IT), (104 bytes).
    Removing stm32f4xx_hal_flash_ex.o(i.HAL_FLASHEx_OBGetConfig), (64 bytes).
    Removing stm32f4xx_hal_flash_ex.o(i.HAL_FLASHEx_OBProgram), (204 bytes).
    Removing stm32f4xx_hal_gpio.o(.rev16_text), (4 bytes).
    Removing stm32f4xx_hal_gpio.o(.revsh_text), (4 bytes).
    Removing stm32f4xx_hal_gpio.o(.rrx_text), (6 bytes).
    Removing stm32f4xx_hal_gpio.o(i.HAL_GPIO_DeInit), (328 bytes).
    Removing stm32f4xx_hal_gpio.o(i.HAL_GPIO_EXTI_Callback), (2 bytes).
    Removing stm32f4xx_hal_gpio.o(i.HAL_GPIO_EXTI_IRQHandler), (24 bytes).
    Removing stm32f4xx_hal_gpio.o(i.HAL_GPIO_Init), (432 bytes).
    Removing stm32f4xx_hal_gpio.o(i.HAL_GPIO_LockPin), (34 bytes).
    Removing stm32f4xx_hal_gpio.o(i.HAL_GPIO_ReadPin), (10 bytes).
    Removing stm32f4xx_hal_gpio.o(i.HAL_GPIO_TogglePin), (8 bytes).
    Removing stm32f4xx_hal_gpio.o(i.HAL_GPIO_WritePin), (10 bytes).
    Removing stm32f4xx_hal_pwr_ex.o(.rev16_text), (4 bytes).
    Removing stm32f4xx_hal_pwr_ex.o(.revsh_text), (4 bytes).
    Removing stm32f4xx_hal_pwr_ex.o(.rrx_text), (6 bytes).
    Removing stm32f4xx_hal_pwr_ex.o(i.HAL_PWREx_ControlVoltageScaling), (88 bytes).
    Removing stm32f4xx_hal_pwr_ex.o(i.HAL_PWREx_DisableBkUpReg), (76 bytes).
    Removing stm32f4xx_hal_pwr_ex.o(i.HAL_PWREx_DisableFlashPowerDown), (28 bytes).
    Removing stm32f4xx_hal_pwr_ex.o(i.HAL_PWREx_EnableBkUpReg), (76 bytes).
    Removing stm32f4xx_hal_pwr_ex.o(i.HAL_PWREx_EnableFlashPowerDown), (24 bytes).
    Removing stm32f4xx_hal_pwr_ex.o(i.HAL_PWREx_GetVoltageRange), (16 bytes).
    Removing stm32f4xx_hal_dma_ex.o(.rev16_text), (4 bytes).
    Removing stm32f4xx_hal_dma_ex.o(.revsh_text), (4 bytes).
    Removing stm32f4xx_hal_dma_ex.o(.rrx_text), (6 bytes).
    Removing stm32f4xx_hal_dma_ex.o(i.DMA_MultiBufferSetConfig), (30 bytes).
    Removing stm32f4xx_hal_dma_ex.o(i.HAL_DMAEx_ChangeMemory), (14 bytes).
    Removing stm32f4xx_hal_dma_ex.o(i.HAL_DMAEx_MultiBufferStart), (100 bytes).
    Removing stm32f4xx_hal_dma_ex.o(i.HAL_DMAEx_MultiBufferStart_IT), (2452 bytes).
    Removing stm32f4xx_hal_rcc.o(.rev16_text), (4 bytes).
    Removing stm32f4xx_hal_rcc.o(.revsh_text), (4 bytes).
    Removing stm32f4xx_hal_rcc.o(.rrx_text), (6 bytes).
    Removing stm32f4xx_hal_rcc.o(i.HAL_RCC_CSSCallback), (2 bytes).
    Removing stm32f4xx_hal_rcc.o(i.HAL_RCC_DeInit), (2 bytes).
    Removing stm32f4xx_hal_rcc.o(i.HAL_RCC_DisableCSS), (12 bytes).
    Removing stm32f4xx_hal_rcc.o(i.HAL_RCC_EnableCSS), (12 bytes).
    Removing stm32f4xx_hal_rcc.o(i.HAL_RCC_GetClockConfig), (64 bytes).
    Removing stm32f4xx_hal_rcc.o(i.HAL_RCC_GetOscConfig), (232 bytes).
    Removing stm32f4xx_hal_rcc.o(i.HAL_RCC_GetPCLK1Freq), (48 bytes).
    Removing stm32f4xx_hal_rcc.o(i.HAL_RCC_GetPCLK2Freq), (48 bytes).
    Removing stm32f4xx_hal_rcc.o(i.HAL_RCC_MCOConfig), (140 bytes).
    Removing stm32f4xx_hal_rcc.o(i.HAL_RCC_NMI_IRQHandler), (28 bytes).
    Removing stm32f4xx_hal_tim_ex.o(.rev16_text), (4 bytes).
    Removing stm32f4xx_hal_tim_ex.o(.revsh_text), (4 bytes).
    Removing stm32f4xx_hal_tim_ex.o(.rrx_text), (6 bytes).
    Removing stm32f4xx_hal_tim_ex.o(i.HAL_TIMEx_BreakCallback), (2 bytes).
    Removing stm32f4xx_hal_tim_ex.o(i.HAL_TIMEx_CommutationCallback), (2 bytes).
    Removing stm32f4xx_hal_tim_ex.o(i.HAL_TIMEx_ConfigBreakDeadTime), (90 bytes).
    Removing stm32f4xx_hal_tim_ex.o(i.HAL_TIMEx_ConfigCommutationEvent), (92 bytes).
    Removing stm32f4xx_hal_tim_ex.o(i.HAL_TIMEx_ConfigCommutationEvent_DMA), (124 bytes).
    Removing stm32f4xx_hal_tim_ex.o(i.HAL_TIMEx_ConfigCommutationEvent_IT), (102 bytes).
    Removing stm32f4xx_hal_tim_ex.o(i.HAL_TIMEx_HallSensor_DeInit), (56 bytes).
    Removing stm32f4xx_hal_tim_ex.o(i.HAL_TIMEx_HallSensor_GetState), (6 bytes).
    Removing stm32f4xx_hal_tim_ex.o(i.HAL_TIMEx_HallSensor_Init), (176 bytes).
    Removing stm32f4xx_hal_tim_ex.o(i.HAL_TIMEx_HallSensor_MspDeInit), (2 bytes).
    Removing stm32f4xx_hal_tim_ex.o(i.HAL_TIMEx_HallSensor_MspInit), (2 bytes).
    Removing stm32f4xx_hal_tim_ex.o(i.HAL_TIMEx_HallSensor_Start), (28 bytes).
    Removing stm32f4xx_hal_tim_ex.o(i.HAL_TIMEx_HallSensor_Start_DMA), (104 bytes).
    Removing stm32f4xx_hal_tim_ex.o(i.HAL_TIMEx_HallSensor_Start_IT), (38 bytes).
    Removing stm32f4xx_hal_tim_ex.o(i.HAL_TIMEx_HallSensor_Stop), (46 bytes).
    Removing stm32f4xx_hal_tim_ex.o(i.HAL_TIMEx_HallSensor_Stop_DMA), (56 bytes).
    Removing stm32f4xx_hal_tim_ex.o(i.HAL_TIMEx_HallSensor_Stop_IT), (56 bytes).
    Removing stm32f4xx_hal_tim_ex.o(i.HAL_TIMEx_OCN_Start), (36 bytes).
    Removing stm32f4xx_hal_tim_ex.o(i.HAL_TIMEx_OCN_Start_DMA), (220 bytes).
    Removing stm32f4xx_hal_tim_ex.o(i.HAL_TIMEx_OCN_Start_IT), (96 bytes).
    Removing stm32f4xx_hal_tim_ex.o(i.HAL_TIMEx_OCN_Stop), (68 bytes).
    Removing stm32f4xx_hal_tim_ex.o(i.HAL_TIMEx_OCN_Stop_DMA), (124 bytes).
    Removing stm32f4xx_hal_tim_ex.o(i.HAL_TIMEx_OCN_Stop_IT), (134 bytes).
    Removing stm32f4xx_hal_tim_ex.o(i.HAL_TIMEx_OnePulseN_Start), (26 bytes).
    Removing stm32f4xx_hal_tim_ex.o(i.HAL_TIMEx_OnePulseN_Start_IT), (46 bytes).
    Removing stm32f4xx_hal_tim_ex.o(i.HAL_TIMEx_OnePulseN_Stop), (68 bytes).
    Removing stm32f4xx_hal_tim_ex.o(i.HAL_TIMEx_OnePulseN_Stop_IT), (88 bytes).
    Removing stm32f4xx_hal_tim_ex.o(i.HAL_TIMEx_PWMN_Start), (36 bytes).
    Removing stm32f4xx_hal_tim_ex.o(i.HAL_TIMEx_PWMN_Start_DMA), (220 bytes).
    Removing stm32f4xx_hal_tim_ex.o(i.HAL_TIMEx_PWMN_Start_IT), (96 bytes).
    Removing stm32f4xx_hal_tim_ex.o(i.HAL_TIMEx_PWMN_Stop), (68 bytes).
    Removing stm32f4xx_hal_tim_ex.o(i.HAL_TIMEx_PWMN_Stop_DMA), (124 bytes).
    Removing stm32f4xx_hal_tim_ex.o(i.HAL_TIMEx_PWMN_Stop_IT), (134 bytes).
    Removing stm32f4xx_hal_tim_ex.o(i.HAL_TIMEx_RemapConfig), (34 bytes).
    Removing stm32f4xx_hal_tim_ex.o(i.TIMEx_DMACommutationCplt), (16 bytes).
    Removing stm32f4xx_hal_tim_ex.o(i.TIM_CCxNChannelCmd), (22 bytes).
    Removing stm32f4xx_hal_flash.o(.rev16_text), (4 bytes).
    Removing stm32f4xx_hal_flash.o(.revsh_text), (4 bytes).
    Removing stm32f4xx_hal_flash.o(.rrx_text), (6 bytes).
    Removing stm32f4xx_hal_flash.o(i.FLASH_Program_Byte), (32 bytes).
    Removing stm32f4xx_hal_flash.o(i.FLASH_Program_DoubleWord), (40 bytes).
    Removing stm32f4xx_hal_flash.o(i.FLASH_Program_HalfWord), (36 bytes).
    Removing stm32f4xx_hal_flash.o(i.FLASH_Program_Word), (36 bytes).
    Removing stm32f4xx_hal_flash.o(i.FLASH_SetErrorCode), (104 bytes).
    Removing stm32f4xx_hal_flash.o(i.FLASH_WaitForLastOperation), (80 bytes).
    Removing stm32f4xx_hal_flash.o(i.HAL_FLASH_EndOfOperationCallback), (2 bytes).
    Removing stm32f4xx_hal_flash.o(i.HAL_FLASH_GetError), (12 bytes).
    Removing stm32f4xx_hal_flash.o(i.HAL_FLASH_IRQHandler), (204 bytes).
    Removing stm32f4xx_hal_flash.o(i.HAL_FLASH_Lock), (20 bytes).
    Removing stm32f4xx_hal_flash.o(i.HAL_FLASH_OB_Launch), (24 bytes).
    Removing stm32f4xx_hal_flash.o(i.HAL_FLASH_OB_Lock), (20 bytes).
    Removing stm32f4xx_hal_flash.o(i.HAL_FLASH_OB_Unlock), (40 bytes).
    Removing stm32f4xx_hal_flash.o(i.HAL_FLASH_OperationErrorCallback), (2 bytes).
    Removing stm32f4xx_hal_flash.o(i.HAL_FLASH_Program), (124 bytes).
    Removing stm32f4xx_hal_flash.o(i.HAL_FLASH_Program_IT), (108 bytes).
    Removing stm32f4xx_hal_flash.o(i.HAL_FLASH_Unlock), (40 bytes).
    Removing stm32f4xx_hal_flash.o(.bss), (32 bytes).
    Removing stm32f4xx_hal_rcc_ex.o(.rev16_text), (4 bytes).
    Removing stm32f4xx_hal_rcc_ex.o(.revsh_text), (4 bytes).
    Removing stm32f4xx_hal_rcc_ex.o(.rrx_text), (6 bytes).
    Removing stm32f4xx_hal_rcc_ex.o(i.HAL_RCCEx_GetPeriphCLKConfig), (80 bytes).
    Removing stm32f4xx_hal_rcc_ex.o(i.HAL_RCCEx_GetPeriphCLKFreq), (92 bytes).
    Removing stm32f4xx_hal_rcc_ex.o(i.HAL_RCCEx_PeriphCLKConfig), (340 bytes).
    Removing stm32f4xx_hal_rcc_ex.o(i.HAL_RCC_DeInit), (92 bytes).
    Removing stm32f4xx_hal.o(.rev16_text), (4 bytes).
    Removing stm32f4xx_hal.o(.revsh_text), (4 bytes).
    Removing stm32f4xx_hal.o(.rrx_text), (6 bytes).
    Removing stm32f4xx_hal.o(i.HAL_DBGMCU_DisableDBGSleepMode), (16 bytes).
    Removing stm32f4xx_hal.o(i.HAL_DBGMCU_DisableDBGStandbyMode), (16 bytes).
    Removing stm32f4xx_hal.o(i.HAL_DBGMCU_DisableDBGStopMode), (16 bytes).
    Removing stm32f4xx_hal.o(i.HAL_DBGMCU_EnableDBGSleepMode), (16 bytes).
    Removing stm32f4xx_hal.o(i.HAL_DBGMCU_EnableDBGStandbyMode), (16 bytes).
    Removing stm32f4xx_hal.o(i.HAL_DBGMCU_EnableDBGStopMode), (16 bytes).
    Removing stm32f4xx_hal.o(i.HAL_DeInit), (52 bytes).
    Removing stm32f4xx_hal.o(i.HAL_Delay), (28 bytes).
    Removing stm32f4xx_hal.o(i.HAL_DisableCompensationCell), (28 bytes).
    Removing stm32f4xx_hal.o(i.HAL_EnableCompensationCell), (28 bytes).
    Removing stm32f4xx_hal.o(i.HAL_GetDEVID), (16 bytes).
    Removing stm32f4xx_hal.o(i.HAL_GetHalVersion), (8 bytes).
    Removing stm32f4xx_hal.o(i.HAL_GetREVID), (12 bytes).
    Removing stm32f4xx_hal.o(i.HAL_GetUID), (28 bytes).
    Removing stm32f4xx_hal.o(i.HAL_MspDeInit), (2 bytes).
    Removing stm32f4xx_hal.o(i.HAL_MspInit), (2 bytes).
    Removing stm32f4xx_hal.o(i.HAL_ResumeTick), (14 bytes).
    Removing stm32f4xx_hal.o(i.HAL_SuspendTick), (14 bytes).
    Removing stm32f4xx_hal_tim.o(.rev16_text), (4 bytes).
    Removing stm32f4xx_hal_tim.o(.revsh_text), (4 bytes).
    Removing stm32f4xx_hal_tim.o(.rrx_text), (6 bytes).
    Removing stm32f4xx_hal_tim.o(i.HAL_TIM_Base_DeInit), (56 bytes).
    Removing stm32f4xx_hal_tim.o(i.HAL_TIM_Base_GetState), (6 bytes).
    Removing stm32f4xx_hal_tim.o(i.HAL_TIM_Base_MspDeInit), (2 bytes).
    Removing stm32f4xx_hal_tim.o(i.HAL_TIM_Base_MspInit), (2 bytes).
    Removing stm32f4xx_hal_tim.o(i.HAL_TIM_Base_Start_DMA), (92 bytes).
    Removing stm32f4xx_hal_tim.o(i.HAL_TIM_Base_Start_IT), (24 bytes).
    Removing stm32f4xx_hal_tim.o(i.HAL_TIM_Base_Stop), (44 bytes).
    Removing stm32f4xx_hal_tim.o(i.HAL_TIM_Base_Stop_DMA), (48 bytes).
    Removing stm32f4xx_hal_tim.o(i.HAL_TIM_Base_Stop_IT), (42 bytes).
    Removing stm32f4xx_hal_tim.o(i.HAL_TIM_ConfigOCrefClear), (174 bytes).
    Removing stm32f4xx_hal_tim.o(i.HAL_TIM_ConfigTI1Input), (16 bytes).
    Removing stm32f4xx_hal_tim.o(i.HAL_TIM_DMABurst_ReadStart), (260 bytes).
    Removing stm32f4xx_hal_tim.o(i.HAL_TIM_DMABurst_ReadStop), (96 bytes).
    Removing stm32f4xx_hal_tim.o(i.HAL_TIM_DMABurst_WriteStart), (260 bytes).
    Removing stm32f4xx_hal_tim.o(i.HAL_TIM_DMABurst_WriteStop), (96 bytes).
    Removing stm32f4xx_hal_tim.o(i.HAL_TIM_Encoder_DeInit), (56 bytes).
    Removing stm32f4xx_hal_tim.o(i.HAL_TIM_Encoder_GetState), (6 bytes).
    Removing stm32f4xx_hal_tim.o(i.HAL_TIM_Encoder_Init), (150 bytes).
    Removing stm32f4xx_hal_tim.o(i.HAL_TIM_Encoder_MspDeInit), (2 bytes).
    Removing stm32f4xx_hal_tim.o(i.HAL_TIM_Encoder_MspInit), (2 bytes).
    Removing stm32f4xx_hal_tim.o(i.HAL_TIM_Encoder_Start), (52 bytes).
    Removing stm32f4xx_hal_tim.o(i.HAL_TIM_Encoder_Start_DMA), (272 bytes).
    Removing stm32f4xx_hal_tim.o(i.HAL_TIM_Encoder_Start_IT), (92 bytes).
    Removing stm32f4xx_hal_tim.o(i.HAL_TIM_Encoder_Stop), (70 bytes).
    Removing stm32f4xx_hal_tim.o(i.HAL_TIM_Encoder_Stop_DMA), (116 bytes).
    Removing stm32f4xx_hal_tim.o(i.HAL_TIM_Encoder_Stop_IT), (116 bytes).
    Removing stm32f4xx_hal_tim.o(i.HAL_TIM_ErrorCallback), (2 bytes).
    Removing stm32f4xx_hal_tim.o(i.HAL_TIM_GenerateEvent), (38 bytes).
    Removing stm32f4xx_hal_tim.o(i.HAL_TIM_IC_CaptureCallback), (2 bytes).
    Removing stm32f4xx_hal_tim.o(i.HAL_TIM_IC_ConfigChannel), (286 bytes).
    Removing stm32f4xx_hal_tim.o(i.HAL_TIM_IC_DeInit), (56 bytes).
    Removing stm32f4xx_hal_tim.o(i.HAL_TIM_IC_GetState), (6 bytes).
    Removing stm32f4xx_hal_tim.o(i.HAL_TIM_IC_Init), (54 bytes).
    Removing stm32f4xx_hal_tim.o(i.HAL_TIM_IC_MspDeInit), (2 bytes).
    Removing stm32f4xx_hal_tim.o(i.HAL_TIM_IC_MspInit), (2 bytes).
    Removing stm32f4xx_hal_tim.o(i.HAL_TIM_IC_Start), (26 bytes).
    Removing stm32f4xx_hal_tim.o(i.HAL_TIM_IC_Start_DMA), (200 bytes).
    Removing stm32f4xx_hal_tim.o(i.HAL_TIM_IC_Start_IT), (76 bytes).
    Removing stm32f4xx_hal_tim.o(i.HAL_TIM_IC_Stop), (44 bytes).
    Removing stm32f4xx_hal_tim.o(i.HAL_TIM_IC_Stop_DMA), (100 bytes).
    Removing stm32f4xx_hal_tim.o(i.HAL_TIM_IC_Stop_IT), (94 bytes).
    Removing stm32f4xx_hal_tim.o(i.HAL_TIM_IRQHandler), (358 bytes).
    Removing stm32f4xx_hal_tim.o(i.HAL_TIM_OC_ConfigChannel), (86 bytes).
    Removing stm32f4xx_hal_tim.o(i.HAL_TIM_OC_DeInit), (56 bytes).
    Removing stm32f4xx_hal_tim.o(i.HAL_TIM_OC_DelayElapsedCallback), (2 bytes).
    Removing stm32f4xx_hal_tim.o(i.HAL_TIM_OC_GetState), (6 bytes).
    Removing stm32f4xx_hal_tim.o(i.HAL_TIM_OC_Init), (54 bytes).
    Removing stm32f4xx_hal_tim.o(i.HAL_TIM_OC_MspDeInit), (2 bytes).
    Removing stm32f4xx_hal_tim.o(i.HAL_TIM_OC_MspInit), (2 bytes).
    Removing stm32f4xx_hal_tim.o(i.HAL_TIM_OC_Start), (56 bytes).
    Removing stm32f4xx_hal_tim.o(i.HAL_TIM_OC_Start_DMA), (240 bytes).
    Removing stm32f4xx_hal_tim.o(i.HAL_TIM_OC_Start_IT), (108 bytes).
    Removing stm32f4xx_hal_tim.o(i.HAL_TIM_OC_Stop), (88 bytes).
    Removing stm32f4xx_hal_tim.o(i.HAL_TIM_OC_Stop_DMA), (144 bytes).
    Removing stm32f4xx_hal_tim.o(i.HAL_TIM_OC_Stop_IT), (136 bytes).
    Removing stm32f4xx_hal_tim.o(i.HAL_TIM_OnePulse_ConfigChannel), (218 bytes).
    Removing stm32f4xx_hal_tim.o(i.HAL_TIM_OnePulse_DeInit), (56 bytes).
    Removing stm32f4xx_hal_tim.o(i.HAL_TIM_OnePulse_GetState), (6 bytes).
    Removing stm32f4xx_hal_tim.o(i.HAL_TIM_OnePulse_Init), (74 bytes).
    Removing stm32f4xx_hal_tim.o(i.HAL_TIM_OnePulse_MspDeInit), (2 bytes).
    Removing stm32f4xx_hal_tim.o(i.HAL_TIM_OnePulse_MspInit), (2 bytes).
    Removing stm32f4xx_hal_tim.o(i.HAL_TIM_OnePulse_Start), (60 bytes).
    Removing stm32f4xx_hal_tim.o(i.HAL_TIM_OnePulse_Start_IT), (80 bytes).
    Removing stm32f4xx_hal_tim.o(i.HAL_TIM_OnePulse_Stop), (100 bytes).
    Removing stm32f4xx_hal_tim.o(i.HAL_TIM_OnePulse_Stop_IT), (120 bytes).
    Removing stm32f4xx_hal_tim.o(i.HAL_TIM_PWM_ConfigChannel), (208 bytes).
    Removing stm32f4xx_hal_tim.o(i.HAL_TIM_PWM_DeInit), (56 bytes).
    Removing stm32f4xx_hal_tim.o(i.HAL_TIM_PWM_GetState), (6 bytes).
    Removing stm32f4xx_hal_tim.o(i.HAL_TIM_PWM_Init), (54 bytes).
    Removing stm32f4xx_hal_tim.o(i.HAL_TIM_PWM_MspDeInit), (2 bytes).
    Removing stm32f4xx_hal_tim.o(i.HAL_TIM_PWM_MspInit), (2 bytes).
    Removing stm32f4xx_hal_tim.o(i.HAL_TIM_PWM_PulseFinishedCallback), (2 bytes).
    Removing stm32f4xx_hal_tim.o(i.HAL_TIM_PWM_Start), (56 bytes).
    Removing stm32f4xx_hal_tim.o(i.HAL_TIM_PWM_Start_DMA), (240 bytes).
    Removing stm32f4xx_hal_tim.o(i.HAL_TIM_PWM_Start_IT), (108 bytes).
    Removing stm32f4xx_hal_tim.o(i.HAL_TIM_PWM_Stop), (92 bytes).
    Removing stm32f4xx_hal_tim.o(i.HAL_TIM_PWM_Stop_DMA), (144 bytes).
    Removing stm32f4xx_hal_tim.o(i.HAL_TIM_PWM_Stop_IT), (136 bytes).
    Removing stm32f4xx_hal_tim.o(i.HAL_TIM_PeriodElapsedCallback), (2 bytes).
    Removing stm32f4xx_hal_tim.o(i.HAL_TIM_ReadCapturedValue), (68 bytes).
    Removing stm32f4xx_hal_tim.o(i.HAL_TIM_SlaveConfigSynchronization), (66 bytes).
    Removing stm32f4xx_hal_tim.o(i.HAL_TIM_SlaveConfigSynchronization_IT), (66 bytes).
    Removing stm32f4xx_hal_tim.o(i.HAL_TIM_TriggerCallback), (2 bytes).
    Removing stm32f4xx_hal_tim.o(i.TIM_CCxChannelCmd), (22 bytes).
    Removing stm32f4xx_hal_tim.o(i.TIM_DMACaptureCplt), (62 bytes).
    Removing stm32f4xx_hal_tim.o(i.TIM_DMADelayPulseCplt), (62 bytes).
    Removing stm32f4xx_hal_tim.o(i.TIM_DMAError), (16 bytes).
    Removing stm32f4xx_hal_tim.o(i.TIM_DMAPeriodElapsedCplt), (16 bytes).
    Removing stm32f4xx_hal_tim.o(i.TIM_DMATriggerCplt), (16 bytes).
    Removing stm32f4xx_hal_tim.o(i.TIM_OC1_SetConfig), (88 bytes).
    Removing stm32f4xx_hal_tim.o(i.TIM_OC2_SetConfig), (100 bytes).
    Removing stm32f4xx_hal_tim.o(i.TIM_OC3_SetConfig), (96 bytes).
    Removing stm32f4xx_hal_tim.o(i.TIM_OC4_SetConfig), (80 bytes).
    Removing stm32f4xx_hal_tim.o(i.TIM_SlaveTimer_SetConfig), (124 bytes).
    Removing stm32f4xx_hal_tim.o(i.TIM_TI1_SetConfig), (132 bytes).
    Removing stm32f4xx_hal_tim.o(i.TIM_TI2_SetConfig), (54 bytes).
    Removing stm32f4xx_hal_flash_ramfunc.o(.rev16_text), (4 bytes).
    Removing stm32f4xx_hal_flash_ramfunc.o(.revsh_text), (4 bytes).
    Removing stm32f4xx_hal_flash_ramfunc.o(.rrx_text), (6 bytes).
    Removing stm32f4xx_hal_dma.o(.rev16_text), (4 bytes).
    Removing stm32f4xx_hal_dma.o(.revsh_text), (4 bytes).
    Removing stm32f4xx_hal_dma.o(.rrx_text), (6 bytes).
    Removing stm32f4xx_hal_dma.o(i.DMA_CalcBaseAndBitshift), (40 bytes).
    Removing stm32f4xx_hal_dma.o(i.DMA_CheckFifoParam), (84 bytes).
    Removing stm32f4xx_hal_dma.o(i.DMA_SetConfig), (40 bytes).
    Removing stm32f4xx_hal_dma.o(i.HAL_DMA_Abort), (142 bytes).
    Removing stm32f4xx_hal_dma.o(i.HAL_DMA_Abort_IT), (36 bytes).
    Removing stm32f4xx_hal_dma.o(i.HAL_DMA_DeInit), (86 bytes).
    Removing stm32f4xx_hal_dma.o(i.HAL_DMA_GetError), (4 bytes).
    Removing stm32f4xx_hal_dma.o(i.HAL_DMA_GetState), (6 bytes).
    Removing stm32f4xx_hal_dma.o(i.HAL_DMA_IRQHandler), (424 bytes).
    Removing stm32f4xx_hal_dma.o(i.HAL_DMA_Init), (212 bytes).
    Removing stm32f4xx_hal_dma.o(i.HAL_DMA_PollForTransfer), (300 bytes).
    Removing stm32f4xx_hal_dma.o(i.HAL_DMA_RegisterCallback), (80 bytes).
    Removing stm32f4xx_hal_dma.o(i.HAL_DMA_Start), (70 bytes).
    Removing stm32f4xx_hal_dma.o(i.HAL_DMA_Start_IT), (120 bytes).
    Removing stm32f4xx_hal_dma.o(i.HAL_DMA_UnRegisterCallback), (96 bytes).
    Removing stm32f4xx_hal_dma.o(.constdata), (8 bytes).
    Removing stm32f4xx_hal_pwr.o(.rev16_text), (4 bytes).
    Removing stm32f4xx_hal_pwr.o(.revsh_text), (4 bytes).
    Removing stm32f4xx_hal_pwr.o(.rrx_text), (6 bytes).
    Removing stm32f4xx_hal_pwr.o(i.HAL_PWR_ConfigPVD), (124 bytes).
    Removing stm32f4xx_hal_pwr.o(i.HAL_PWR_DeInit), (24 bytes).
    Removing stm32f4xx_hal_pwr.o(i.HAL_PWR_DisableBkUpAccess), (28 bytes).
    Removing stm32f4xx_hal_pwr.o(i.HAL_PWR_DisablePVD), (24 bytes).
    Removing stm32f4xx_hal_pwr.o(i.HAL_PWR_DisableSEVOnPend), (16 bytes).
    Removing stm32f4xx_hal_pwr.o(i.HAL_PWR_DisableSleepOnExit), (16 bytes).
    Removing stm32f4xx_hal_pwr.o(i.HAL_PWR_DisableWakeUpPin), (16 bytes).
    Removing stm32f4xx_hal_pwr.o(i.HAL_PWR_EnableBkUpAccess), (24 bytes).
    Removing stm32f4xx_hal_pwr.o(i.HAL_PWR_EnablePVD), (24 bytes).
    Removing stm32f4xx_hal_pwr.o(i.HAL_PWR_EnableSEVOnPend), (16 bytes).
    Removing stm32f4xx_hal_pwr.o(i.HAL_PWR_EnableSleepOnExit), (16 bytes).
    Removing stm32f4xx_hal_pwr.o(i.HAL_PWR_EnableWakeUpPin), (16 bytes).
    Removing stm32f4xx_hal_pwr.o(i.HAL_PWR_EnterSLEEPMode), (32 bytes).
    Removing stm32f4xx_hal_pwr.o(i.HAL_PWR_EnterSTANDBYMode), (32 bytes).
    Removing stm32f4xx_hal_pwr.o(i.HAL_PWR_EnterSTOPMode), (56 bytes).
    Removing stm32f4xx_hal_pwr.o(i.HAL_PWR_PVDCallback), (2 bytes).
    Removing stm32f4xx_hal_pwr.o(i.HAL_PWR_PVD_IRQHandler), (28 bytes).
    Removing stm32f4xx_hal_msp.o(.rev16_text), (4 bytes).
    Removing stm32f4xx_hal_msp.o(.revsh_text), (4 bytes).
    Removing stm32f4xx_hal_msp.o(.rrx_text), (6 bytes).
    Removing freertos.o(.rev16_text), (4 bytes).
    Removing freertos.o(.revsh_text), (4 bytes).
    Removing freertos.o(.rrx_text), (6 bytes).
    Removing stm32f4xx_it.o(.rev16_text), (4 bytes).
    Removing stm32f4xx_it.o(.revsh_text), (4 bytes).
    Removing stm32f4xx_it.o(.rrx_text), (6 bytes).
    Removing main.o(.rev16_text), (4 bytes).
    Removing main.o(.revsh_text), (4 bytes).
    Removing main.o(.rrx_text), (6 bytes).
    Removing tim.o(.rev16_text), (4 bytes).
    Removing tim.o(.revsh_text), (4 bytes).
    Removing tim.o(.rrx_text), (6 bytes).
    Removing tim.o(i.HAL_TIM_Base_MspDeInit), (40 bytes).
    Removing startup_stm32f407xx.o(HEAP), (512 bytes).
    Removing system_stm32f4xx.o(.rev16_text), (4 bytes).
    Removing system_stm32f4xx.o(.revsh_text), (4 bytes).
    Removing system_stm32f4xx.o(.rrx_text), (6 bytes).
    Removing system_stm32f4xx.o(i.SystemCoreClockUpdate), (124 bytes).
    Removing system_stm32f4xx.o(.constdata), (8 bytes).
    Removing timers.o(.rev16_text), (4 bytes).
    Removing timers.o(.revsh_text), (4 bytes).
    Removing timers.o(.rrx_text), (6 bytes).
    Removing list.o(.rev16_text), (4 bytes).
    Removing list.o(.revsh_text), (4 bytes).
    Removing list.o(.rrx_text), (6 bytes).
    Removing heap_4.o(.rev16_text), (4 bytes).
    Removing heap_4.o(.revsh_text), (4 bytes).
    Removing heap_4.o(.rrx_text), (6 bytes).
    Removing heap_4.o(i.vPortInitialiseBlocks), (2 bytes).
    Removing heap_4.o(i.xPortGetFreeHeapSize), (12 bytes).
    Removing heap_4.o(i.xPortGetMinimumEverFreeHeapSize), (12 bytes).
    Removing queue.o(.rev16_text), (4 bytes).
    Removing queue.o(.revsh_text), (4 bytes).
    Removing queue.o(.rrx_text), (6 bytes).
    Removing queue.o(i.pcQueueGetName), (40 bytes).
    Removing queue.o(i.prvCopyDataFromQueue), (38 bytes).
    Removing queue.o(i.prvCopyDataToQueue), (108 bytes).
    Removing queue.o(i.prvInitialiseMutex), (132 bytes).
    Removing queue.o(i.prvInitialiseNewQueue), (116 bytes).
    Removing queue.o(i.prvIsQueueEmpty), (28 bytes).
    Removing queue.o(i.prvUnlockQueue), (106 bytes).
    Removing queue.o(i.ucQueueGetQueueType), (6 bytes).
    Removing queue.o(i.uxQueueGetQueueNumber), (4 bytes).
    Removing queue.o(i.uxQueueMessagesWaiting), (36 bytes).
    Removing queue.o(i.uxQueueMessagesWaitingFromISR), (22 bytes).
    Removing queue.o(i.uxQueueSpacesAvailable), (40 bytes).
    Removing queue.o(i.vQueueAddToRegistry), (76 bytes).
    Removing queue.o(i.vQueueDelete), (36 bytes).
    Removing queue.o(i.vQueueSetQueueNumber), (4 bytes).
    Removing queue.o(i.vQueueUnregisterQueue), (40 bytes).
    Removing queue.o(i.xQueueCreateMutex), (22 bytes).
    Removing queue.o(i.xQueueGenericCreate), (66 bytes).
    Removing queue.o(i.xQueueGenericReceive), (596 bytes).
    Removing queue.o(i.xQueueGenericReset), (136 bytes).
    Removing queue.o(i.xQueueGenericSend), (520 bytes).
    Removing queue.o(i.xQueueGenericSendFromISR), (300 bytes).
    Removing queue.o(i.xQueueGiveFromISR), (276 bytes).
    Removing queue.o(i.xQueueIsQueueEmptyFromISR), (30 bytes).
    Removing queue.o(i.xQueueIsQueueFullFromISR), (34 bytes).
    Removing queue.o(i.xQueuePeekFromISR), (116 bytes).
    Removing queue.o(i.xQueueReceiveFromISR), (264 bytes).
    Removing queue.o(.bss), (64 bytes).
    Removing event_groups.o(.rev16_text), (4 bytes).
    Removing event_groups.o(.revsh_text), (4 bytes).
    Removing event_groups.o(.rrx_text), (6 bytes).
    Removing event_groups.o(i.prvTestWaitCondition), (20 bytes).
    Removing event_groups.o(i.uxEventGroupGetNumber), (8 bytes).
    Removing event_groups.o(i.vEventGroupClearBitsCallback), (4 bytes).
    Removing event_groups.o(i.vEventGroupDelete), (128 bytes).
    Removing event_groups.o(i.vEventGroupSetBitsCallback), (4 bytes).
    Removing event_groups.o(i.xEventGroupClearBits), (84 bytes).
    Removing event_groups.o(i.xEventGroupCreate), (58 bytes).
    Removing event_groups.o(i.xEventGroupGetBitsFromISR), (26 bytes).
    Removing event_groups.o(i.xEventGroupSetBits), (160 bytes).
    Removing event_groups.o(i.xEventGroupSync), (256 bytes).
    Removing event_groups.o(i.xEventGroupWaitBits), (312 bytes).
    Removing tasks.o(.rev16_text), (4 bytes).
    Removing tasks.o(.revsh_text), (4 bytes).
    Removing tasks.o(.rrx_text), (6 bytes).
    Removing tasks.o(i.eTaskGetState), (104 bytes).
    Removing tasks.o(i.pcTaskGetName), (32 bytes).
    Removing tasks.o(i.prvListTasksWithinSingleList), (88 bytes).
    Removing tasks.o(i.prvTaskIsTaskSuspended), (52 bytes).
    Removing tasks.o(i.pvTaskIncrementMutexHeldCount), (24 bytes).
    Removing tasks.o(i.ulTaskNotifyTake), (180 bytes).
    Removing tasks.o(i.uxTaskGetNumberOfTasks), (12 bytes).
    Removing tasks.o(i.uxTaskGetSystemState), (168 bytes).
    Removing tasks.o(i.uxTaskPriorityGet), (28 bytes).
    Removing tasks.o(i.uxTaskPriorityGetFromISR), (44 bytes).
    Removing tasks.o(i.uxTaskResetEventItemValue), (24 bytes).
    Removing tasks.o(i.vTaskDelete), (172 bytes).
    Removing tasks.o(i.vTaskEndScheduler), (28 bytes).
    Removing tasks.o(i.vTaskGetInfo), (132 bytes).
    Removing tasks.o(i.vTaskMissedYield), (12 bytes).
    Removing tasks.o(i.vTaskNotifyGiveFromISR), (208 bytes).
    Removing tasks.o(i.vTaskPlaceOnEventList), (48 bytes).
    Removing tasks.o(i.vTaskPlaceOnUnorderedEventList), (80 bytes).
    Removing tasks.o(i.vTaskPriorityInherit), (204 bytes).
    Removing tasks.o(i.vTaskPrioritySet), (256 bytes).
    Removing tasks.o(i.vTaskResume), (152 bytes).
    Removing tasks.o(i.vTaskSetTaskNumber), (8 bytes).
    Removing tasks.o(i.vTaskSetTimeOutState), (36 bytes).
    Removing tasks.o(i.vTaskSuspend), (200 bytes).
    Removing tasks.o(i.xTaskCheckForTimeOut), (108 bytes).
    Removing tasks.o(i.xTaskGenericNotify), (232 bytes).
    Removing tasks.o(i.xTaskGenericNotifyFromISR), (268 bytes).
    Removing tasks.o(i.xTaskGetTickCount), (12 bytes).
    Removing tasks.o(i.xTaskGetTickCountFromISR), (16 bytes).
    Removing tasks.o(i.xTaskNotifyStateClear), (52 bytes).
    Removing tasks.o(i.xTaskNotifyWait), (212 bytes).
    Removing tasks.o(i.xTaskPriorityDisinherit), (220 bytes).
    Removing tasks.o(i.xTaskRemoveFromEventList), (128 bytes).
    Removing tasks.o(i.xTaskRemoveFromUnorderedEventList), (128 bytes).
    Removing tasks.o(i.xTaskResumeFromISR), (164 bytes).
    Removing croutine.o(.rev16_text), (4 bytes).
    Removing croutine.o(.revsh_text), (4 bytes).
    Removing croutine.o(.rrx_text), (6 bytes).
    Removing port.o(.rev16_text), (4 bytes).
    Removing port.o(.revsh_text), (4 bytes).
    Removing port.o(.rrx_text), (6 bytes).
    Removing port.o(i.vPortEndScheduler), (32 bytes).
    Removing port.o(i.vPortValidateInterruptPriority), (84 bytes).
    Removing cmsis_os.o(.rev16_text), (4 bytes).
    Removing cmsis_os.o(.revsh_text), (4 bytes).
    Removing cmsis_os.o(i.inHandlerMode), (12 bytes).
    Removing cmsis_os.o(i.makeCmsisPriority), (14 bytes).
    Removing cmsis_os.o(i.osAbortDelay), (4 bytes).
    Removing cmsis_os.o(i.osDelayUntil), (4 bytes).
    Removing cmsis_os.o(i.osKernelRunning), (18 bytes).
    Removing cmsis_os.o(i.osKernelSysTick), (24 bytes).
    Removing cmsis_os.o(i.osMailAlloc), (12 bytes).
    Removing cmsis_os.o(i.osMailCAlloc), (24 bytes).
    Removing cmsis_os.o(i.osMailCreate), (92 bytes).
    Removing cmsis_os.o(i.osMailFree), (12 bytes).
    Removing cmsis_os.o(i.osMailGet), (148 bytes).
    Removing cmsis_os.o(i.osMailPut), (92 bytes).
    Removing cmsis_os.o(i.osMessageAvailableSpace), (4 bytes).
    Removing cmsis_os.o(i.osMessageCreate), (8 bytes).
    Removing cmsis_os.o(i.osMessageDelete), (24 bytes).
    Removing cmsis_os.o(i.osMessageGet), (152 bytes).
    Removing cmsis_os.o(i.osMessagePeek), (78 bytes).
    Removing cmsis_os.o(i.osMessagePut), (92 bytes).
    Removing cmsis_os.o(i.osMessageWaiting), (30 bytes).
    Removing cmsis_os.o(i.osMutexCreate), (6 bytes).
    Removing cmsis_os.o(i.osMutexDelete), (24 bytes).
    Removing cmsis_os.o(i.osMutexRelease), (80 bytes).
    Removing cmsis_os.o(i.osMutexWait), (104 bytes).
    Removing cmsis_os.o(i.osPoolAlloc), (106 bytes).
    Removing cmsis_os.o(i.osPoolCAlloc), (16 bytes).
    Removing cmsis_os.o(i.osPoolCreate), (94 bytes).
    Removing cmsis_os.o(i.osPoolFree), (48 bytes).
    Removing cmsis_os.o(i.osRecursiveMutexCreate), (4 bytes).
    Removing cmsis_os.o(i.osRecursiveMutexRelease), (4 bytes).
    Removing cmsis_os.o(i.osRecursiveMutexWait), (4 bytes).
    Removing cmsis_os.o(i.osSemaphoreCreate), (38 bytes).
    Removing cmsis_os.o(i.osSemaphoreDelete), (24 bytes).
    Removing cmsis_os.o(i.osSemaphoreGetCount), (4 bytes).
    Removing cmsis_os.o(i.osSemaphoreRelease), (80 bytes).
    Removing cmsis_os.o(i.osSemaphoreWait), (104 bytes).
    Removing cmsis_os.o(i.osSignalSet), (88 bytes).
    Removing cmsis_os.o(i.osSignalWait), (86 bytes).
    Removing cmsis_os.o(i.osThreadGetId), (4 bytes).
    Removing cmsis_os.o(i.osThreadGetPriority), (32 bytes).
    Removing cmsis_os.o(i.osThreadList), (4 bytes).
    Removing cmsis_os.o(i.osThreadResume), (52 bytes).
    Removing cmsis_os.o(i.osThreadResumeAll), (18 bytes).
    Removing cmsis_os.o(i.osThreadSetPriority), (22 bytes).
    Removing cmsis_os.o(i.osThreadSuspend), (10 bytes).
    Removing cmsis_os.o(i.osThreadSuspendAll), (10 bytes).
    Removing cmsis_os.o(i.osThreadTerminate), (10 bytes).
    Removing cmsis_os.o(i.osThreadYield), (24 bytes).
    Removing cmsis_os.o(i.osTimerCreate), (4 bytes).
    Removing cmsis_os.o(i.osTimerDelete), (4 bytes).
    Removing cmsis_os.o(i.osTimerStart), (4 bytes).
    Removing cmsis_os.o(i.osTimerStop), (4 bytes).
    Removing trcbase.o(.rev16_text), (4 bytes).
    Removing trcbase.o(.revsh_text), (4 bytes).
    Removing trcbase.o(.rrx_text), (6 bytes).
    Removing trcbase.o(i.prvCheckDataToBeOverwrittenForMultiEntryEvents), (128 bytes).
    Removing trcbase.o(i.prvTraceCreateSymbolTableEntry), (380 bytes).
    Removing trcbase.o(i.prvTraceGetChecksum), (208 bytes).
    Removing trcbase.o(i.prvTraceLookupSymbolTableEntry), (240 bytes).
    Removing trcbase.o(i.prvTraceOpenSymbol), (164 bytes).
    Removing trcbase.o(i.vTraceFreeObjectHandle), (196 bytes).
    Removing trchardwareport.o(.rev16_text), (4 bytes).
    Removing trchardwareport.o(.revsh_text), (4 bytes).
    Removing trchardwareport.o(.rrx_text), (6 bytes).
    Removing trckernel.o(.rev16_text), (4 bytes).
    Removing trckernel.o(.revsh_text), (4 bytes).
    Removing trckernel.o(.rrx_text), (6 bytes).
    Removing trckernel.o(i.uiTraceGetPriorityProperty), (136 bytes).
    Removing trckernel.o(i.vTraceSetReadyEventsEnabled), (12 bytes).
    Removing trckernel.o(i.vTraceStoreKernelCallWithParam), (324 bytes).
    Removing trckernel.o(i.vTraceStoreLowPower), (216 bytes).
    Removing trckernelport.o(.rev16_text), (4 bytes).
    Removing trckernelport.o(.revsh_text), (4 bytes).
    Removing trckernelport.o(.rrx_text), (6 bytes).
    Removing trckernelport.o(i.prvTraceGetObjectNumber), (10 bytes).
    Removing trckernelport.o(i.prvTraceGetObjectType), (4 bytes).
    Removing trckernelport.o(i.prvTraceIsSchedulerActive), (18 bytes).
    Removing trckernelport.o(i.prvTraceIsSchedulerStarted), (18 bytes).
    Removing trckernelport.o(i.prvTraceIsSchedulerSuspended), (16 bytes).
    Removing trckernelport.o(.data), (5 bytes).
    Removing trckernelport.o(.data), (4 bytes).
    Removing trcuser.o(.rev16_text), (4 bytes).
    Removing trcuser.o(.revsh_text), (4 bytes).
    Removing trcuser.o(.rrx_text), (6 bytes).
    Removing trcuser.o(i.prvTraceTaskInstanceFinish), (116 bytes).
    Removing trcuser.o(i.prvTraceUserEventFormat), (408 bytes).
    Removing trcuser.o(i.uiTraceGetTraceBufferSize), (6 bytes).
    Removing trcuser.o(i.uiTraceStart), (144 bytes).
    Removing trcuser.o(i.vTraceClear), (88 bytes).
    Removing trcuser.o(i.vTraceClearError), (24 bytes).
    Removing trcuser.o(i.vTraceGetTraceBuffer), (12 bytes).
    Removing trcuser.o(i.vTracePrintF), (18 bytes).
    Removing trcuser.o(i.vTracePrintF_Helper), (284 bytes).
    Removing trcuser.o(i.vTraceSetISRProperties), (180 bytes).
    Removing trcuser.o(i.vTraceSetStopHook), (12 bytes).
    Removing trcuser.o(i.vTraceStart), (4 bytes).
    Removing trcuser.o(i.vTraceStoreISRBegin), (360 bytes).
    Removing trcuser.o(i.vTraceStoreISREnd), (244 bytes).
    Removing trcuser.o(i.vTraceTaskInstanceFinish), (6 bytes).
    Removing trcuser.o(i.vTraceTaskInstanceFinishDirect), (6 bytes).
    Removing trcuser.o(i.vTraceUserEvent), (184 bytes).
    Removing trcuser.o(i.writeInt16), (96 bytes).
    Removing trcuser.o(i.writeInt32), (96 bytes).
    Removing trcuser.o(i.writeInt8), (76 bytes).
    Removing trcuser.o(i.xTraceGetLastError), (12 bytes).
    Removing trcuser.o(i.xTraceOpenLabel), (72 bytes).
    Removing trcuser.o(.bss), (16 bytes).
    Removing trcuser.o(.conststring), (144 bytes).
    Removing dfixui.o(.text), (50 bytes).

531 unused section(s) (total 35803 bytes) removed from the image.

==============================================================================

Memory Map of the image

  Image Entry point : 0x00000000

  Load Region LR_IROM1 (Base: 0x08000000, Size: 0x00003000, Max: 0x00100000, ABSOLUTE)

    Execution Region ER_IROM1 (Base: 0x08000000, Size: 0x00002f30, Max: 0x00100000, ABSOLUTE)

    Base Addr    Size         Type   Attr      Idx    E Section Name        Object

    0x08000000   0x00000188   Data   RO         2300    RESET               startup_stm32f407xx.o
    0x08000188   0x00000000   Code   RO         4122  * .ARM.Collect$$$$00000000  mc_w.l(entry.o)
    0x08000188   0x00000004   Code   RO         4137    .ARM.Collect$$$$00000001  mc_w.l(entry2.o)
    0x0800018c   0x00000004   Code   RO         4140    .ARM.Collect$$$$00000004  mc_w.l(entry5.o)
    0x08000190   0x00000000   Code   RO         4142    .ARM.Collect$$$$00000008  mc_w.l(entry7b.o)
    0x08000190   0x00000000   Code   RO         4144    .ARM.Collect$$$$0000000A  mc_w.l(entry8b.o)
    0x08000190   0x00000008   Code   RO         4145    .ARM.Collect$$$$0000000B  mc_w.l(entry9a.o)
    0x08000198   0x00000000   Code   RO         4147    .ARM.Collect$$$$0000000D  mc_w.l(entry10a.o)
    0x08000198   0x00000000   Code   RO         4149    .ARM.Collect$$$$0000000F  mc_w.l(entry11a.o)
    0x08000198   0x00000004   Code   RO         4138    .ARM.Collect$$$$00002712  mc_w.l(entry2.o)
    0x0800019c   0x000000ba   Code   RO         3123    .emb_text           port.o
    0x08000256   0x00000002   PAD
    0x08000258   0x00000024   Code   RO         2301    .text               startup_stm32f407xx.o
    0x0800027c   0x00000024   Code   RO         4125    .text               mc_w.l(memcpya.o)
    0x080002a0   0x00000024   Code   RO         4127    .text               mc_w.l(memseta.o)
    0x080002c4   0x00000018   Code   RO         4129    .text               mc_w.l(strncpy.o)
    0x080002dc   0x00000024   Code   RO         4154    .text               mc_w.l(init.o)
    0x08000300   0x00000002   Code   RO         2142    i.BusFault_Handler  stm32f4xx_it.o
    0x08000302   0x00000002   Code   RO         2143    i.DebugMon_Handler  stm32f4xx_it.o
    0x08000304   0x00000002   Code   RO         2217    i.Error_Handler     main.o
    0x08000306   0x00000002   PAD
    0x08000308   0x0000000c   Code   RO          967    i.HAL_GetTick       stm32f4xx_hal.o
    0x08000314   0x00000010   Code   RO          969    i.HAL_IncTick       stm32f4xx_hal.o
    0x08000324   0x00000034   Code   RO          970    i.HAL_Init          stm32f4xx_hal.o
    0x08000358   0x00000028   Code   RO          971    i.HAL_InitTick      stm32f4xx_hal.o
    0x08000380   0x00000058   Code   RO         1982    i.HAL_MspInit       stm32f4xx_hal_msp.o
    0x080003d8   0x00000040   Code   RO           15    i.HAL_NVIC_SetPriority  stm32f4xx_hal_cortex.o
    0x08000418   0x00000024   Code   RO           16    i.HAL_NVIC_SetPriorityGrouping  stm32f4xx_hal_cortex.o
    0x0800043c   0x0000017c   Code   RO          454    i.HAL_RCC_ClockConfig  stm32f4xx_hal_rcc.o
    0x080005b8   0x0000000c   Code   RO          459    i.HAL_RCC_GetHCLKFreq  stm32f4xx_hal_rcc.o
    0x080005c4   0x00000074   Code   RO          463    i.HAL_RCC_GetSysClockFreq  stm32f4xx_hal_rcc.o
    0x08000638   0x00000314   Code   RO          466    i.HAL_RCC_OscConfig  stm32f4xx_hal_rcc.o
    0x0800094c   0x00000018   Code   RO           18    i.HAL_SYSTICK_CLKSourceConfig  stm32f4xx_hal_cortex.o
    0x08000964   0x00000028   Code   RO           20    i.HAL_SYSTICK_Config  stm32f4xx_hal_cortex.o
    0x0800098c   0x00000050   Code   RO          572    i.HAL_TIMEx_MasterConfigSynchronization  stm32f4xx_hal_tim_ex.o
    0x080009dc   0x00000036   Code   RO         1109    i.HAL_TIM_Base_Init  stm32f4xx_hal_tim.o
    0x08000a12   0x00000002   PAD
    0x08000a14   0x00000034   Code   RO         2254    i.HAL_TIM_Base_MspInit  tim.o
    0x08000a48   0x0000001a   Code   RO         1112    i.HAL_TIM_Base_Start  stm32f4xx_hal_tim.o
    0x08000a62   0x000000f2   Code   RO         1118    i.HAL_TIM_ConfigClockSource  stm32f4xx_hal_tim.o
    0x08000b54   0x00000002   Code   RO         2144    i.HardFault_Handler  stm32f4xx_it.o
    0x08000b56   0x00000002   PAD
    0x08000b58   0x00000054   Code   RO         2006    i.MX_FREERTOS_Init  freertos.o
    0x08000bac   0x0000005c   Code   RO         2255    i.MX_TIM1_Init      tim.o
    0x08000c08   0x00000058   Code   RO         2256    i.MX_TIM2_Init      tim.o
    0x08000c60   0x00000002   Code   RO         2145    i.MemManage_Handler  stm32f4xx_it.o
    0x08000c62   0x00000002   Code   RO         2146    i.NMI_Handler       stm32f4xx_it.o
    0x08000c64   0x00000020   Code   RO           22    i.NVIC_SetPriority  stm32f4xx_hal_cortex.o
    0x08000c84   0x00000028   Code   RO         2007    i.StartDefaultTask  freertos.o
    0x08000cac   0x0000000e   Code   RO         2147    i.SysTick_Handler   stm32f4xx_it.o
    0x08000cba   0x00000002   PAD
    0x08000cbc   0x00000088   Code   RO         2218    i.SystemClock_Config  main.o
    0x08000d44   0x00000054   Code   RO         2309    i.SystemInit        system_stm32f4xx.o
    0x08000d98   0x000000c0   Code   RO         1193    i.TIM_Base_SetConfig  stm32f4xx_hal_tim.o
    0x08000e58   0x00000014   Code   RO         1200    i.TIM_ETR_SetConfig  stm32f4xx_hal_tim.o
    0x08000e6c   0x00000010   Code   RO         1201    i.TIM_ITRx_SetConfig  stm32f4xx_hal_tim.o
    0x08000e7c   0x00000022   Code   RO         1207    i.TIM_TI1_ConfigInputStage  stm32f4xx_hal_tim.o
    0x08000e9e   0x00000024   Code   RO         1209    i.TIM_TI2_ConfigInputStage  stm32f4xx_hal_tim.o
    0x08000ec2   0x00000002   Code   RO         2148    i.UsageFault_Handler  stm32f4xx_it.o
    0x08000ec4   0x0000001e   Code   RO         2219    i.main              main.o
    0x08000ee2   0x0000000c   Code   RO         3213    i.makeFreeRtosPriority  cmsis_os.o
    0x08000eee   0x0000000e   Code   RO         3215    i.osDelay           cmsis_os.o
    0x08000efc   0x0000000a   Code   RO         3218    i.osKernelStart     cmsis_os.o
    0x08000f06   0x00000014   Code   RO         3251    i.osSystickHandler  cmsis_os.o
    0x08000f1a   0x0000002e   Code   RO         3252    i.osThreadCreate    cmsis_os.o
    0x08000f48   0x00000070   Code   RO         2778    i.prvAddCurrentTaskToDelayedList  tasks.o
    0x08000fb8   0x00000118   Code   RO         2779    i.prvAddNewTaskToReadyList  tasks.o
    0x080010d0   0x00000050   Code   RO         2780    i.prvCheckTasksWaitingTermination  tasks.o
    0x08001120   0x00000014   Code   RO         2781    i.prvDeleteTCB      tasks.o
    0x08001134   0x0000004c   Code   RO         2428    i.prvHeapInit       heap_4.o
    0x08001180   0x00000028   Code   RO         2782    i.prvIdleTask       tasks.o
    0x080011a8   0x0000009c   Code   RO         2783    i.prvInitialiseNewTask  tasks.o
    0x08001244   0x0000004c   Code   RO         2429    i.prvInsertBlockIntoFreeList  heap_4.o
    0x08001290   0x00000020   Code   RO         2785    i.prvResetNextTaskUnblockTime  tasks.o
    0x080012b0   0x00000028   Code   RO         3124    i.prvTaskExitError  port.o
    0x080012d8   0x00000004   Code   RO         3862    i.prvTraceGetCurrentTaskHandle  trckernelport.o
    0x080012dc   0x0000010c   Code   RO         3596    i.prvTraceGetDTS    trcbase.o
    0x080013e8   0x00000080   Code   RO         3757    i.prvTraceGetParam  trckernel.o
    0x08001468   0x0000000a   Code   RO         3865    i.prvTraceGetTaskNumber  trckernelport.o
    0x08001472   0x00000002   PAD
    0x08001474   0x000000a0   Code   RO         3710    i.prvTraceInitCortexM  trchardwareport.o
    0x08001514   0x00000160   Code   RO         3597    i.prvTraceInitTraceData  trcbase.o
    0x08001674   0x00000028   Code   RO         3600    i.prvTraceUpdateCounters  trcbase.o
    0x0800169c   0x0000018c   Code   RO         3869    i.pszTraceGetErrorNotEnoughHandles  trckernelport.o
    0x08001828   0x000000e4   Code   RO         2430    i.pvPortMalloc      heap_4.o
    0x0800190c   0x0000002c   Code   RO         3125    i.pxPortInitialiseStack  port.o
    0x08001938   0x00000034   Code   RO         2008    i.timerfunc1        freertos.o
    0x0800196c   0x00000008   Code   RO         2009    i.timerfunc2        freertos.o
    0x08001974   0x000000c0   Code   RO         3601    i.uiIndexOfObject   trcbase.o
    0x08001a34   0x00000084   Code   RO         3758    i.uiTraceGetObjectState  trckernel.o
    0x08001ab8   0x000000dc   Code   RO         3870    i.uiTraceIsObjectExcluded  trckernelport.o
    0x08001b94   0x00000024   Code   RO         2380    i.uxListRemove      list.o
    0x08001bb8   0x00000008   Code   RO         2791    i.uxTaskGetTaskNumber  tasks.o
    0x08001bc0   0x00000016   Code   RO         2381    i.vListInitialise   list.o
    0x08001bd6   0x00000006   Code   RO         2382    i.vListInitialiseItem  list.o
    0x08001bdc   0x00000030   Code   RO         2383    i.vListInsert       list.o
    0x08001c0c   0x00000018   Code   RO         2384    i.vListInsertEnd    list.o
    0x08001c24   0x00000040   Code   RO         3127    i.vPortEnterCritical  port.o
    0x08001c64   0x00000028   Code   RO         3128    i.vPortExitCritical  port.o
    0x08001c8c   0x00000068   Code   RO         2431    i.vPortFree         heap_4.o
    0x08001cf4   0x00000020   Code   RO         3129    i.vPortSetupTimerInterrupt  port.o
    0x08001d14   0x00000068   Code   RO         2795    i.vTaskDelay        tasks.o
    0x08001d7c   0x00000068   Code   RO         2808    i.vTaskStartScheduler  tasks.o
    0x08001de4   0x00000010   Code   RO         2810    i.vTaskSuspendAll   tasks.o
    0x08001df4   0x0000006c   Code   RO         2811    i.vTaskSwitchContext  tasks.o
    0x08001e60   0x00000098   Code   RO         3602    i.vTraceError       trcbase.o
    0x08001ef8   0x00000050   Code   RO         3871    i.vTraceInitObjectHandleStack  trckernelport.o
    0x08001f48   0x00000074   Code   RO         3872    i.vTraceInitObjectPropertyTable  trckernelport.o
    0x08001fbc   0x00000004   Code   RO         3961    i.vTraceInitTraceData  trcuser.o
    0x08001fc0   0x00000054   Code   RO         3711    i.vTracePortGetTimeStamp  trchardwareport.o
    0x08002014   0x000000ec   Code   RO         3604    i.vTraceSetObjectName  trcbase.o
    0x08002100   0x00000084   Code   RO         3760    i.vTraceSetObjectState  trckernel.o
    0x08002184   0x00000088   Code   RO         3761    i.vTraceSetPriorityProperty  trckernel.o
    0x0800220c   0x00000038   Code   RO         3763    i.vTraceSetTaskInstanceFinished  trckernel.o
    0x08002244   0x0000001c   Code   RO         3967    i.vTraceStop        trcuser.o
    0x08002260   0x00000130   Code   RO         3764    i.vTraceStoreKernelCall  trckernel.o
    0x08002390   0x000000e0   Code   RO         3765    i.vTraceStoreKernelCallWithNumericParamOnly  trckernel.o
    0x08002470   0x000000c8   Code   RO         3768    i.vTraceStoreMemMangEvent  trckernel.o
    0x08002538   0x0000010c   Code   RO         3769    i.vTraceStoreTaskReady  trckernel.o
    0x08002644   0x000000c8   Code   RO         3770    i.vTraceStoreTaskswitch  trckernel.o
    0x0800270c   0x000000e0   Code   RO         3131    i.xPortStartScheduler  port.o
    0x080027ec   0x0000002c   Code   RO         3132    i.xPortSysTickHandler  port.o
    0x08002818   0x00000056   Code   RO         2813    i.xTaskCreate       tasks.o
    0x0800286e   0x00000002   PAD
    0x08002870   0x0000000c   Code   RO         2816    i.xTaskGetCurrentTaskHandle  tasks.o
    0x0800287c   0x0000001c   Code   RO         2817    i.xTaskGetSchedulerState  tasks.o
    0x08002898   0x000000f0   Code   RO         2820    i.xTaskIncrementTick  tasks.o
    0x08002988   0x000000d4   Code   RO         2826    i.xTaskResumeAll    tasks.o
    0x08002a5c   0x000000c4   Code   RO         3605    i.xTraceGetObjectHandle  trcbase.o
    0x08002b20   0x00000054   Code   RO         3606    i.xTraceNextFreeEventBufferSlot  trcbase.o
    0x08002b74   0x0000003c   Data   RO         2010    .constdata          freertos.o
    0x08002bb0   0x00000010   Data   RO         2310    .constdata          system_stm32f4xx.o
    0x08002bc0   0x00000024   Data   RO         2011    .conststring        freertos.o
    0x08002be4   0x00000043   Data   RO         3609    .conststring        trcbase.o
    0x08002c27   0x00000001   PAD
    0x08002c28   0x00000238   Data   RO         3771    .conststring        trckernel.o
    0x08002e60   0x000000d0   Data   RO         3873    .conststring        trckernelport.o
    0x08002f30   0x00000000   Data   RO         4156    Region$$Table       anon$$obj.o


    Execution Region RW_IRAM1 (Base: 0x20000000, Size: 0x00006738, Max: 0x00020000, ABSOLUTE)

    Base Addr    Size         Type   Attr      Idx    E Section Name        Object

    0x20000000   0x00000004   Data   RW          976    .data               stm32f4xx_hal.o
    0x20000004   0x0000000c   Data   RW         2012    .data               freertos.o
    0x20000010   0x00000004   Data   RW         2312    .data               system_stm32f4xx.o
    0x20000014   0x00000018   Data   RW         2436    .data               heap_4.o
    0x2000002c   0x0000003c   Data   RW         2829    .data               tasks.o
    0x20000068   0x0000000c   Data   RW         3133    .data               port.o
    0x20000074   0x00000024   Data   RW         3610    .data               trcbase.o
    0x20000098   0x00000018   Data   RW         3712    .data               trchardwareport.o
    0x200000b0   0x0000000c   Data   RW         3772    .data               trckernel.o
    0x200000bc   0x00000014   Data   RW         3980    .data               trcuser.o
    0x200000d0   0x00000078   Zero   RW         2257    .bss                tim.o
    0x20000148   0x00003c00   Zero   RW         2435    .bss                heap_4.o
    0x20003d48   0x000000f0   Zero   RW         2828    .bss                tasks.o
    0x20003e38   0x00000021   Zero   RW         3607    .bss                trcbase.o
    0x20003e59   0x00000003   PAD
    0x20003e5c   0x000024d8   Zero   RW         3608    .bss                trcbase.o
    0x20006334   0x00000004   PAD
    0x20006338   0x00000400   Zero   RW         2298    STACK               startup_stm32f407xx.o

